 ray

 Timestamp is 58edfb9d (Wed Apr 12 18:04:13 2017)

 Preferred load address is 00400000

 Start         Length     Name                   Class
 0001:00000000 000001e0H .text$di                CODE
 0001:000001e0 0007f690H .text$mn                CODE
 0001:0007f870 00003d90H .text$x                 CODE
 0001:00083600 00000139H .text$yd                CODE
 0002:00000000 00000760H .idata$5                DATA
 0002:00000760 00000004H .00cfg                  DATA
 0002:00000764 00000004H .CRT$XCA                DATA
 0002:00000768 00000004H .CRT$XCAA               DATA
 0002:0000076c 00000004H .CRT$XCL                DATA
 0002:00000770 0000002cH .CRT$XCU                DATA
 0002:0000079c 00000004H .CRT$XCZ                DATA
 0002:000007a0 00000004H .CRT$XIA                DATA
 0002:000007a4 00000004H .CRT$XIAA               DATA
 0002:000007a8 00000004H .CRT$XIAC               DATA
 0002:000007ac 00000004H .CRT$XIC                DATA
 0002:000007b0 00000004H .CRT$XIZ                DATA
 0002:000007b4 00000004H .CRT$XLA                DATA
 0002:000007b8 00000004H .CRT$XLZ                DATA
 0002:000007bc 00000004H .CRT$XPA                DATA
 0002:000007c0 00000004H .CRT$XPZ                DATA
 0002:000007c4 00000004H .CRT$XTA                DATA
 0002:000007c8 00000008H .CRT$XTZ                DATA
 0002:000007d0 00008244H .rdata                  DATA
 0002:00008a14 00000018H .rdata$T                DATA
 0002:00008a2c 000031b0H .rdata$r                DATA
 0002:0000bbdc 000003b8H .rdata$zzzdbg           DATA
 0002:0000bf94 00000004H .rtc$IAA                DATA
 0002:0000bf98 00000004H .rtc$IZZ                DATA
 0002:0000bf9c 00000004H .rtc$TAA                DATA
 0002:0000bfa0 00000008H .rtc$TZZ                DATA
 0002:0000bfa8 0000414cH .xdata$x                DATA
 0002:000100f4 00000000H .edata                  DATA
 0002:000100f4 000001b8H .idata$2                DATA
 0002:000102ac 00000014H .idata$3                DATA
 0002:000102c0 00000760H .idata$4                DATA
 0002:00010a20 00002b82H .idata$6                DATA
 0003:00000000 00001e88H .data                   DATA
 0003:00001e88 000020c8H .data$r                 DATA
 0003:00003f50 00005608H .bss                    DATA
 0004:00000000 00000058H .gfids$y                DATA
 0005:00000000 00000004H .tls                    DATA
 0005:00000004 00000004H .tls$                   DATA
 0005:00000008 00000001H .tls$ZZZ                DATA
 0006:00000000 00000060H .rsrc$01                DATA
 0006:00000060 00000180H .rsrc$02                DATA

  Address         Publics by Value              Rva+Base       Lib:Object

 0000:00000000       ___guard_iat_count         00000000     <absolute>
 0000:00000000       ___dynamic_value_reloc_table 00000000     <absolute>
 0000:00000000       ___guard_longjmp_table     00000000     <absolute>
 0000:00000000       ___guard_fids_table        00000000     <absolute>
 0000:00000000       ___guard_fids_count        00000000     <absolute>
 0000:00000000       ___safe_se_handler_count   00000000     <absolute>
 0000:00000000       ___guard_iat_table         00000000     <absolute>
 0000:00000000       ___guard_longjmp_count     00000000     <absolute>
 0000:00000000       ___safe_se_handler_table   00000000     <absolute>
 0000:0000002c       __tls_array                0000002c     <absolute>
 0000:00000100       ___guard_flags             00000100     <absolute>
 0000:00000000       ___ImageBase               00400000     <linker-defined>
 0001:000001e0       ?GetOption@@YAHHPAPADPBDPAPBD@Z 004011e0 f   getopt.obj
 0001:000002c0       ?getopt@@YAHHPAPADPBD@Z    004012c0 f   getopt.obj
 0001:00000300       ??$__vcrt_va_start_verify_argument_type@QBD@@YAXXZ 00401300 f i main.obj
 0001:00000310       ??_H@YGXPAXIIP6EPAX0@Z@Z   00401310 f i main.obj
 0001:00000340       ?processArgs@@YA_NHPAPAD@Z 00401340 f   main.obj
 0001:00000430       ?usage@@YAXXZ              00401430 f   main.obj
 0001:00000450       ___local_stdio_printf_options 00401450 f i main.obj
 0001:00000460       _fprintf                   00401460 f i main.obj
 0001:00000490       _main                      00401490 f   main.obj
 0001:000006d0       ??$_Construct@V?$_Deque_const_iterator@V?$_Deque_val@U?$_Deque_simple_types@PBVMaterial@@@std@@@std@@@std@@@?$deque@PBVMaterial@@V?$allocator@PBVMaterial@@@std@@@std@@QAEXV?$_Deque_const_iterator@V?$_Deque_val@U?$_Deque_simple_types@PBVMaterial@@@std@@@std@@@1@0@Z 004016d0 f i RayTracer.obj
 0001:00000770       ??$_Copy_no_deprecate1@V?$_Deque_unchecked_const_iterator@V?$_Deque_val@U?$_Deque_simple_types@PBVMaterial@@@std@@@std@@@std@@V?$_Deque_iterator@V?$_Deque_val@U?$_Deque_simple_types@PBVMaterial@@@std@@@std@@@2@@std@@YA?AV?$_Deque_iterator@V?$_Deque_val@U?$_Deque_simple_types@PBVMaterial@@@std@@@std@@@0@V?$_Deque_unchecked_const_iterator@V?$_Deque_val@U?$_Deque_simple_types@PBVMaterial@@@std@@@std@@@0@0V10@Urandom_access_iterator_tag@0@2@Z 00401770 f i RayTracer.obj
 0001:000007e0       ??$_Copy_no_deprecate@V?$_Deque_const_iterator@V?$_Deque_val@U?$_Deque_simple_types@PBVMaterial@@@std@@@std@@@std@@V?$_Deque_iterator@V?$_Deque_val@U?$_Deque_simple_types@PBVMaterial@@@std@@@std@@@2@@std@@YA?AV?$_Deque_iterator@V?$_Deque_val@U?$_Deque_simple_types@PBVMaterial@@@std@@@std@@@0@V?$_Deque_const_iterator@V?$_Deque_val@U?$_Deque_simple_types@PBVMaterial@@@std@@@std@@@0@0V10@@Z 004017e0 f i RayTracer.obj
 0001:00000870       ??$_Copy_unchecked1@V?$_Deque_unchecked_const_iterator@V?$_Deque_val@U?$_Deque_simple_types@PBVMaterial@@@std@@@std@@@std@@V?$_Deque_unchecked_iterator@V?$_Deque_val@U?$_Deque_simple_types@PBVMaterial@@@std@@@std@@@2@@std@@YA?AV?$_Deque_unchecked_iterator@V?$_Deque_val@U?$_Deque_simple_types@PBVMaterial@@@std@@@std@@@0@V?$_Deque_unchecked_const_iterator@V?$_Deque_val@U?$_Deque_simple_types@PBVMaterial@@@std@@@std@@@0@0V10@U_General_ptr_iterator_tag@0@@Z 00401870 f i RayTracer.obj
 0001:000008e0       ??$_Move_backward1@V?$_Deque_unchecked_iterator@V?$_Deque_val@U?$_Deque_simple_types@PBVMaterial@@@std@@@std@@@std@@V?$_Deque_iterator@V?$_Deque_val@U?$_Deque_simple_types@PBVMaterial@@@std@@@std@@@2@@std@@YA?AV?$_Deque_iterator@V?$_Deque_val@U?$_Deque_simple_types@PBVMaterial@@@std@@@std@@@0@V?$_Deque_unchecked_iterator@V?$_Deque_val@U?$_Deque_simple_types@PBVMaterial@@@std@@@std@@@0@0V10@Urandom_access_iterator_tag@0@2@Z 004018e0 f i RayTracer.obj
 0001:00000950       ??$_Move_backward_unchecked1@V?$_Deque_unchecked_iterator@V?$_Deque_val@U?$_Deque_simple_types@PBVMaterial@@@std@@@std@@@std@@V12@@std@@YA?AV?$_Deque_unchecked_iterator@V?$_Deque_val@U?$_Deque_simple_types@PBVMaterial@@@std@@@std@@@0@V10@00U_General_ptr_iterator_tag@0@@Z 00401950 f i RayTracer.obj
 0001:000009c0       ??$_Move_no_deprecate1@V?$_Deque_unchecked_iterator@V?$_Deque_val@U?$_Deque_simple_types@PBVMaterial@@@std@@@std@@@std@@V?$_Deque_iterator@V?$_Deque_val@U?$_Deque_simple_types@PBVMaterial@@@std@@@std@@@2@@std@@YA?AV?$_Deque_iterator@V?$_Deque_val@U?$_Deque_simple_types@PBVMaterial@@@std@@@std@@@0@V?$_Deque_unchecked_iterator@V?$_Deque_val@U?$_Deque_simple_types@PBVMaterial@@@std@@@std@@@0@0V10@Urandom_access_iterator_tag@0@2@Z 004019c0 f i RayTracer.obj
 0001:00000a30       ??$_Move_no_deprecate@V?$_Deque_iterator@V?$_Deque_val@U?$_Deque_simple_types@PBVMaterial@@@std@@@std@@@std@@V12@@std@@YA?AV?$_Deque_iterator@V?$_Deque_val@U?$_Deque_simple_types@PBVMaterial@@@std@@@std@@@0@V10@00@Z 00401a30 f i RayTracer.obj
 0001:00000ac0       ??$_Move_unchecked1@V?$_Deque_unchecked_iterator@V?$_Deque_val@U?$_Deque_simple_types@PBVMaterial@@@std@@@std@@@std@@V12@@std@@YA?AV?$_Deque_unchecked_iterator@V?$_Deque_val@U?$_Deque_simple_types@PBVMaterial@@@std@@@std@@@0@V10@00U_General_ptr_iterator_tag@0@@Z 00401ac0 f i RayTracer.obj
 0001:00000b30       ??$_Reverse_unchecked@V?$_Deque_unchecked_iterator@V?$_Deque_val@U?$_Deque_simple_types@PBVMaterial@@@std@@@std@@@std@@@std@@YAXV?$_Deque_unchecked_iterator@V?$_Deque_val@U?$_Deque_simple_types@PBVMaterial@@@std@@@std@@@0@0@Z 00401b30 f i RayTracer.obj
 0001:00000ba0       ??$_Rotate_unchecked1@V?$_Deque_unchecked_iterator@V?$_Deque_val@U?$_Deque_simple_types@PBVMaterial@@@std@@@std@@@std@@@std@@YA?AV?$_Deque_unchecked_iterator@V?$_Deque_val@U?$_Deque_simple_types@PBVMaterial@@@std@@@std@@@0@V10@00Urandom_access_iterator_tag@0@@Z 00401ba0 f i RayTracer.obj
 0001:00000c10       ??$copy@V?$_Deque_const_iterator@V?$_Deque_val@U?$_Deque_simple_types@PBVMaterial@@@std@@@std@@@std@@V?$_Deque_iterator@V?$_Deque_val@U?$_Deque_simple_types@PBVMaterial@@@std@@@std@@@2@@std@@YA?AV?$_Deque_iterator@V?$_Deque_val@U?$_Deque_simple_types@PBVMaterial@@@std@@@std@@@0@V?$_Deque_const_iterator@V?$_Deque_val@U?$_Deque_simple_types@PBVMaterial@@@std@@@std@@@0@0V10@@Z 00401c10 f i RayTracer.obj
 0001:00000cb0       ??$emplace_back@ABQBVMaterial@@@?$deque@PBVMaterial@@V?$allocator@PBVMaterial@@@std@@@std@@QAEXABQBVMaterial@@@Z 00401cb0 f i RayTracer.obj
 0001:00000d50       ??$insert@V?$_Deque_const_iterator@V?$_Deque_val@U?$_Deque_simple_types@PBVMaterial@@@std@@@std@@@std@@@?$deque@PBVMaterial@@V?$allocator@PBVMaterial@@@std@@@std@@QAE?AV?$_Deque_iterator@V?$_Deque_val@U?$_Deque_simple_types@PBVMaterial@@@std@@@std@@@1@V?$_Deque_const_iterator@V?$_Deque_val@U?$_Deque_simple_types@PBVMaterial@@@std@@@std@@@1@00@Z 00401d50 f i RayTracer.obj
 0001:00000fb0       ??$move@V?$_Deque_iterator@V?$_Deque_val@U?$_Deque_simple_types@PBVMaterial@@@std@@@std@@@std@@V12@@std@@YA?AV?$_Deque_iterator@V?$_Deque_val@U?$_Deque_simple_types@PBVMaterial@@@std@@@std@@@0@V10@00@Z 00401fb0 f i RayTracer.obj
 0001:00001050       ??$move_backward@V?$_Deque_iterator@V?$_Deque_val@U?$_Deque_simple_types@PBVMaterial@@@std@@@std@@@std@@V12@@std@@YA?AV?$_Deque_iterator@V?$_Deque_val@U?$_Deque_simple_types@PBVMaterial@@@std@@@std@@@0@V10@00@Z 00402050 f i RayTracer.obj
 0001:000010e0       ??$rotate@V?$_Deque_iterator@V?$_Deque_val@U?$_Deque_simple_types@PBVMaterial@@@std@@@std@@@std@@@std@@YA?AV?$_Deque_iterator@V?$_Deque_val@U?$_Deque_simple_types@PBVMaterial@@@std@@@std@@@0@V10@00@Z 004020e0 f i RayTracer.obj
 0001:000011a0       ??0?$deque@PBVMaterial@@V?$allocator@PBVMaterial@@@std@@@std@@QAE@ABV01@@Z 004021a0 f i RayTracer.obj
 0001:00001250       ??0RayTracer@@QAE@XZ       00402250 f   RayTracer.obj
 0001:00001280       ??0TraceParam@RayTracer@@QAE@XZ 00402280 f i RayTracer.obj
 0001:000012f0       ??0vec3f@@QAE@XZ           004022f0 f i RayTracer.obj
 0001:00001300       ??1?$_Deque_alloc@U?$_Deque_base_types@PBVMaterial@@V?$allocator@PBVMaterial@@@std@@@std@@@std@@QAE@XZ 00402300 f i RayTracer.obj
 0001:00001320       ??1?$basic_string@DU?$char_traits@D@std@@V?$allocator@D@2@@std@@QAE@XZ 00402320 f i RayTracer.obj
 0001:00001360       ??1?$deque@PBVMaterial@@V?$allocator@PBVMaterial@@@std@@@std@@QAE@XZ 00402360 f i RayTracer.obj
 0001:00001380       ??1Material@@UAE@XZ        00402380 f i RayTracer.obj
 0001:00001390       ??1RayTracer@@QAE@XZ       00402390 f   RayTracer.obj
 0001:000013b0       ??1TraceParam@RayTracer@@QAE@XZ 004023b0 f i RayTracer.obj
 0001:000013e0       ??1isect@@QAE@XZ           004023e0 f i RayTracer.obj
 0001:000013f0       ??4?$deque@PBVMaterial@@V?$allocator@PBVMaterial@@@std@@@std@@QAEAAV01@ABV01@@Z 004023f0 f i RayTracer.obj
 0001:000015b0       ??A?$deque@PBVMaterial@@V?$allocator@PBVMaterial@@@std@@@std@@QAEAAPBVMaterial@@I@Z 004025b0 f i RayTracer.obj
 0001:00001600       ??H?$_Deque_const_iterator@V?$_Deque_val@U?$_Deque_simple_types@PBVMaterial@@@std@@@std@@@std@@QBE?AV01@H@Z 00402600 f i RayTracer.obj
 0001:00001640       ??H?$_Deque_iterator@V?$_Deque_val@U?$_Deque_simple_types@PBVMaterial@@@std@@@std@@@std@@QBE?AV01@H@Z 00402640 f i RayTracer.obj
 0001:00001680       ??_EMaterial@@UAEPAXI@Z    00402680 f i RayTracer.obj
 0001:00001680       ??_GMaterial@@UAEPAXI@Z    00402680 f i RayTracer.obj
 0001:000016b0       ?GetFresnelCoeff@RayTracer@@ABENABUTraceParam@1@ABVisect@@@Z 004026b0 f   RayTracer.obj
 0001:000018d0       ?IsLeavingObject@RayTracer@@ABE_NABUTraceParam@1@ABVisect@@@Z 004028d0 f   RayTracer.obj
 0001:00001920       ?_Copy@?$basic_string@DU?$char_traits@D@std@@V?$allocator@D@2@@std@@QAEXII@Z 00402920 f i RayTracer.obj
 0001:00001ad0       ?_Deallocate@std@@YAXPAXII@Z 00402ad0 f i RayTracer.obj
 0001:00001b40       ?_Growmap@?$deque@PBVMaterial@@V?$allocator@PBVMaterial@@@std@@@std@@IAEXI@Z 00402b40 f i RayTracer.obj
 0001:00001c90       ?_Make_iter@?$deque@PBVMaterial@@V?$allocator@PBVMaterial@@@std@@@std@@QBE?AV?$_Deque_iterator@V?$_Deque_val@U?$_Deque_simple_types@PBVMaterial@@@std@@@std@@@2@V?$_Deque_const_iterator@V?$_Deque_val@U?$_Deque_simple_types@PBVMaterial@@@std@@@std@@@2@@Z 00402c90 f i RayTracer.obj
 0001:00001cc0       ?_Tidy@?$deque@PBVMaterial@@V?$allocator@PBVMaterial@@@std@@@std@@IAEXXZ 00402cc0 f i RayTracer.obj
 0001:00001d80       ?allocate@?$_Wrap_alloc@V?$allocator@D@std@@@std@@QAEPADI@Z 00402d80 f i RayTracer.obj
 0001:00001de0       ?allocate@?$allocator@PAPBVMaterial@@@std@@QAEPAPAPBVMaterial@@I@Z 00402de0 f i RayTracer.obj
 0001:00001e50       ?aspectRatio@RayTracer@@QAENXZ 00402e50 f   RayTracer.obj
 0001:00001e90       ?assign@?$basic_string@DU?$char_traits@D@std@@V?$allocator@D@2@@std@@QAEAAV12@ABV12@II@Z 00402e90 f i RayTracer.obj
 0001:00001fb0       ?assign@?$basic_string@DU?$char_traits@D@std@@V?$allocator@D@2@@std@@QAEAAV12@PBDI@Z 00402fb0 f i RayTracer.obj
 0001:000020b0       ?begin@?$deque@PBVMaterial@@V?$allocator@PBVMaterial@@@std@@@std@@QAE?AV?$_Deque_iterator@V?$_Deque_val@U?$_Deque_simple_types@PBVMaterial@@@std@@@std@@@2@XZ 004030b0 f i RayTracer.obj
 0001:000020d0       ?begin@?$deque@PBVMaterial@@V?$allocator@PBVMaterial@@@std@@@std@@QBE?AV?$_Deque_const_iterator@V?$_Deque_val@U?$_Deque_simple_types@PBVMaterial@@@std@@@std@@@2@XZ 004030d0 f i RayTracer.obj
 0001:000020f0       ?end@?$deque@PBVMaterial@@V?$allocator@PBVMaterial@@@std@@@std@@QAE?AV?$_Deque_iterator@V?$_Deque_val@U?$_Deque_simple_types@PBVMaterial@@@std@@@std@@@2@XZ 004030f0 f i RayTracer.obj
 0001:00002110       ?end@?$deque@PBVMaterial@@V?$allocator@PBVMaterial@@@std@@@std@@QBE?AV?$_Deque_const_iterator@V?$_Deque_val@U?$_Deque_simple_types@PBVMaterial@@@std@@@std@@@2@XZ 00403110 f i RayTracer.obj
 0001:00002130       ?erase@?$basic_string@DU?$char_traits@D@std@@V?$allocator@D@2@@std@@QAEAAV12@II@Z 00403130 f i RayTracer.obj
 0001:000021d0       ?erase@?$deque@PBVMaterial@@V?$allocator@PBVMaterial@@@std@@@std@@QAE?AV?$_Deque_iterator@V?$_Deque_val@U?$_Deque_simple_types@PBVMaterial@@@std@@@std@@@2@V?$_Deque_const_iterator@V?$_Deque_val@U?$_Deque_simple_types@PBVMaterial@@@std@@@std@@@2@0@Z 004031d0 f i RayTracer.obj
 0001:000023b0       ?getBuffer@RayTracer@@QAEXAAPAEAAH1@Z 004033b0 f   RayTracer.obj
 0001:000023d0       ?getMsg@Exception@@QBE?AV?$basic_string@DU?$char_traits@D@std@@V?$allocator@D@2@@std@@XZ 004033d0 f i RayTracer.obj
 0001:00002410       ?loadScene@RayTracer@@QAE_NPBD@Z 00403410 f   RayTracer.obj
 0001:00002560       ?pop_front@?$deque@PBVMaterial@@V?$allocator@PBVMaterial@@@std@@@std@@QAEXXZ 00403560 f i RayTracer.obj
 0001:00002580       ?push_back@?$deque@PBVMaterial@@V?$allocator@PBVMaterial@@@std@@@std@@QAEXABQBVMaterial@@@Z 00403580 f i RayTracer.obj
 0001:00002620       ?push_front@?$deque@PBVMaterial@@V?$allocator@PBVMaterial@@@std@@@std@@QAEX$$QAPBVMaterial@@@Z 00403620 f i RayTracer.obj
 0001:000026c0       ?push_front@?$deque@PBVMaterial@@V?$allocator@PBVMaterial@@@std@@@std@@QAEXABQBVMaterial@@@Z 004036c0 f i RayTracer.obj
 0001:00002760       ?sceneLoaded@RayTracer@@QAE_NXZ 00403760 f   RayTracer.obj
 0001:00002770       ?trace@RayTracer@@QAE?AVvec3f@@PAVScene@@NN@Z 00403770 f   RayTracer.obj
 0001:000029b0       ?traceLines@RayTracer@@QAEXHH@Z 004039b0 f   RayTracer.obj
 0001:00002cc0       ?tracePixel@RayTracer@@QAEXHH@Z 00403cc0 f   RayTracer.obj
 0001:00002f60       ?traceRay@RayTracer@@AAE?AVvec3f@@ABUTraceParam@1@@Z 00403f60 f   RayTracer.obj
 0001:000033f0       ?traceReflection@RayTracer@@AAE?AVvec3f@@ABUTraceParam@1@ABUReflectionParam@1@@Z 004043f0 f   RayTracer.obj
 0001:00003950       ?traceRefraction@RayTracer@@AAE?AVvec3f@@ABUTraceParam@1@ABURefractionParam@1@@Z 00404950 f   RayTracer.obj
 0001:00003e50       ?traceSetup@RayTracer@@QAEXHH@Z 00404e50 f   RayTracer.obj
 0001:00003eb0       ??0TraceGLWindow@@QAE@HHHHPBD@Z 00404eb0 f   TraceGLWindow.obj
 0001:00003f30       ??_EFl_Gl_Window@@UAEPAXI@Z 00404f30 f i TraceGLWindow.obj
 0001:00003f30       ??_GFl_Gl_Window@@UAEPAXI@Z 00404f30 f i TraceGLWindow.obj
 0001:00003f60       ??_GTraceGLWindow@@UAEPAXI@Z 00404f60 f i TraceGLWindow.obj
 0001:00003f60       ??_ETraceGLWindow@@UAEPAXI@Z 00404f60 f i TraceGLWindow.obj
 0001:00003f90       ?as_gl_window@Fl_Gl_Window@@UAEPAV1@XZ 00404f90 f i TraceGLWindow.obj
 0001:00003fa0       ?as_group@Fl_Group@@UAEPAV1@XZ 00404fa0 f i TraceGLWindow.obj
 0001:00003fb0       ?as_window@Fl_Window@@UAEPAV1@XZ 00404fb0 f i TraceGLWindow.obj
 0001:00003fc0       ?draw@TraceGLWindow@@UAEXXZ 00404fc0 f   TraceGLWindow.obj
 0001:000040a0       ?handle@TraceGLWindow@@UAEHH@Z 004050a0 f   TraceGLWindow.obj
 0001:000040b0       ?refresh@TraceGLWindow@@QAEXXZ 004050b0 f   TraceGLWindow.obj
 0001:000040c0       ?resizeWindow@TraceGLWindow@@QAEXHH@Z 004050c0 f   TraceGLWindow.obj
 0001:000040f0       ?saveImage@TraceGLWindow@@QAEXPAD@Z 004050f0 f   TraceGLWindow.obj
 0001:00004140       ?setRayTracer@TraceGLWindow@@QAEXPAVRayTracer@@@Z 00405140 f   TraceGLWindow.obj
 0001:00004150       ?cb_load_scene@TraceUI@@CAXPAVFl_Menu_@@PAX@Z 00405150 f   TraceUI.obj
 0001:000041f0       ?cb_save_image@TraceUI@@CAXPAVFl_Menu_@@PAX@Z 004051f0 f   TraceUI.obj
 0001:00004230       ?cb_exit@TraceUI@@CAXPAVFl_Menu_@@PAX@Z 00405230 f   TraceUI.obj
 0001:00004260       ?cb_about@TraceUI@@CAXPAVFl_Menu_@@PAX@Z 00405260 f   TraceUI.obj
 0001:00004270       ??$?0AAPAV_CancellationTokenState@details@Concurrency@@AAUscheduler_ptr@2@@?$_Ref_count_obj@U?$_Task_impl@E@details@Concurrency@@@std@@QAE@AAPAV_CancellationTokenState@details@Concurrency@@AAUscheduler_ptr@4@@Z 00405270 f i TraceUI.obj
 0001:00004310       ??$?0ABVexception_ptr@std@@V_TaskCreationCallstack@details@Concurrency@@@?$_Ref_count_obj@U_ExceptionHolder@details@Concurrency@@@std@@QAE@ABVexception_ptr@1@$$QAV_TaskCreationCallstack@details@Concurrency@@@Z 00405310 f i TraceUI.obj
 0001:000043b0       ??$?0V<lambda_042c6af70ca74ab46830ae50c8c14c9e>@@@?$task@X@Concurrency@@QAE@V<lambda_042c6af70ca74ab46830ae50c8c14c9e>@@ABVtask_options@1@@Z 004053b0 f i TraceUI.obj
 0001:00004530       ??$?0V<lambda_0ebde0502725cf61f7686a2917d1749f>@@@?$task@X@Concurrency@@QAE@V<lambda_0ebde0502725cf61f7686a2917d1749f>@@ABVtask_options@1@@Z 00405530 f i TraceUI.obj
 0001:000046b0       ??$?0V<lambda_483208dc91e150c0c9b495b53fd62158>@@@?$task@X@Concurrency@@QAE@V<lambda_483208dc91e150c0c9b495b53fd62158>@@ABVtask_options@1@@Z 004056b0 f i TraceUI.obj
 0001:00004830       ??$?0V<lambda_855a1ef4dbee54ab7f2f1e055b9bdfad>@@@?$task@X@Concurrency@@QAE@V<lambda_855a1ef4dbee54ab7f2f1e055b9bdfad>@@ABVtask_options@1@@Z 00405830 f i TraceUI.obj
 0001:000049b0       ??$?0V?$_Fake_no_copy_callable_adapter@A6AXPAVTraceUI@@HHH@ZAAPAV1@HAAHAAH@std@@@?$_Packaged_state@$$A6AXXZ@std@@QAE@$$QAV?$_Fake_no_copy_callable_adapter@A6AXPAVTraceUI@@HHH@ZAAPAV1@HAAHAAH@1@@Z 004059b0 f i TraceUI.obj
 0001:00004a50       ??$?0V?$_Fake_no_copy_callable_adapter@A6AXPAVTraceUI@@HHH@ZAAPAV1@HAAHAAH@std@@@?$_Task_async_state@X$00@std@@QAE@$$QAV?$_Fake_no_copy_callable_adapter@A6AXPAVTraceUI@@HHH@ZAAPAV1@HAAHAAH@1@@Z 00405a50 f i TraceUI.obj
 0001:00004b10       ??$?0V?$_Fake_no_copy_callable_adapter@A6AXPAVTraceUI@@HHH@ZAAPAV1@HAAHAAH@std@@@?$_Task_async_state@X$0A@@std@@QAE@$$QAV?$_Fake_no_copy_callable_adapter@A6AXPAVTraceUI@@HHH@ZAAPAV1@HAAHAAH@1@@Z 00405b10 f i TraceUI.obj
 0001:00004bd0       ??$?0V?$_Fake_no_copy_callable_adapter@A6AXPAVTraceUI@@HHH@ZAAPAV1@HHAAH@std@@@?$_Packaged_state@$$A6AXXZ@std@@QAE@$$QAV?$_Fake_no_copy_callable_adapter@A6AXPAVTraceUI@@HHH@ZAAPAV1@HHAAH@1@@Z 00405bd0 f i TraceUI.obj
 0001:00004c70       ??$?0V?$_Fake_no_copy_callable_adapter@A6AXPAVTraceUI@@HHH@ZAAPAV1@HHAAH@std@@@?$_Task_async_state@X$00@std@@QAE@$$QAV?$_Fake_no_copy_callable_adapter@A6AXPAVTraceUI@@HHH@ZAAPAV1@HHAAH@1@@Z 00405c70 f i TraceUI.obj
 0001:00004d30       ??$?0V?$_Fake_no_copy_callable_adapter@A6AXPAVTraceUI@@HHH@ZAAPAV1@HHAAH@std@@@?$_Task_async_state@X$0A@@std@@QAE@$$QAV?$_Fake_no_copy_callable_adapter@A6AXPAVTraceUI@@HHH@ZAAPAV1@HHAAH@1@@Z 00405d30 f i TraceUI.obj
 0001:00004df0       ??$?8U_Task_impl_base@details@Concurrency@@@std@@YA_NABV?$shared_ptr@U_Task_impl_base@details@Concurrency@@@0@$$T@Z 00405df0 f i TraceUI.obj
 0001:00004e00       ??$?9U_Task_impl_base@details@Concurrency@@@std@@YA_NABV?$shared_ptr@U_Task_impl_base@details@Concurrency@@@0@$$T@Z 00405e00 f i TraceUI.obj
 0001:00004e10       ??$_Clone@X@?$_Func_impl@V<lambda_cab26a778e4185933e9c5b0cfaedfe5e>@@V?$allocator@H@std@@E$$V@std@@ABEPAV?$_Func_base@E$$V@1@PAXU?$integral_constant@_N$00@1@@Z 00405e10 f i TraceUI.obj
 0001:00004ec0       ??$_Destroy_range1@V?$allocator@V?$future@X@std@@@std@@PAV?$future@X@2@@std@@YAXPAV?$future@X@0@0AAU?$_Wrap_alloc@V?$allocator@V?$future@X@std@@@std@@@0@U?$integral_constant@_N$0A@@0@@Z 00405ec0 f i TraceUI.obj
 0001:00004f40       ??$_Get_associated_state@XV?$_Fake_no_copy_callable_adapter@A6AXPAVTraceUI@@HHH@ZAAPAV1@HAAHAAH@std@@@std@@YAPAV?$_Associated_state@H@0@W4launch@0@$$QAV?$_Fake_no_copy_callable_adapter@A6AXPAVTraceUI@@HHH@ZAAPAV1@HAAHAAH@0@@Z 00405f40 f i TraceUI.obj
 0001:00005050       ??$_Get_associated_state@XV?$_Fake_no_copy_callable_adapter@A6AXPAVTraceUI@@HHH@ZAAPAV1@HHAAH@std@@@std@@YAPAV?$_Associated_state@H@0@W4launch@0@$$QAV?$_Fake_no_copy_callable_adapter@A6AXPAVTraceUI@@HHH@ZAAPAV1@HHAAH@0@@Z 00406050 f i TraceUI.obj
 0001:00005160       ??$_Immortalize@V_Future_error_category@std@@@std@@YAAAV_Future_error_category@0@XZ 00406160 f i TraceUI.obj
 0001:000051d0       ??$_Immortalize@V_Generic_error_category@std@@@std@@YAAAV_Generic_error_category@0@XZ 004061d0 f i TraceUI.obj
 0001:00005240       ??$_LogWorkItemAndInvokeUserLambda@V?$function@$$A6AEXZ@std@@@?$_InitialTaskHandle@XV<lambda_042c6af70ca74ab46830ae50c8c14c9e>@@U_TypeSelectorNoAsync@details@Concurrency@@@?$task@E@Concurrency@@QBEEV?$function@$$A6AEXZ@std@@@Z 00406240 f i TraceUI.obj
 0001:000052e0       ??$_LogWorkItemAndInvokeUserLambda@V?$function@$$A6AEXZ@std@@@?$_InitialTaskHandle@XV<lambda_0ebde0502725cf61f7686a2917d1749f>@@U_TypeSelectorNoAsync@details@Concurrency@@@?$task@E@Concurrency@@QBEEV?$function@$$A6AEXZ@std@@@Z 004062e0 f i TraceUI.obj
 0001:00005380       ??$_LogWorkItemAndInvokeUserLambda@V?$function@$$A6AEXZ@std@@@?$_InitialTaskHandle@XV<lambda_483208dc91e150c0c9b495b53fd62158>@@U_TypeSelectorNoAsync@details@Concurrency@@@?$task@E@Concurrency@@QBEEV?$function@$$A6AEXZ@std@@@Z 00406380 f i TraceUI.obj
 0001:00005420       ??$_LogWorkItemAndInvokeUserLambda@V?$function@$$A6AEXZ@std@@@?$_InitialTaskHandle@XV<lambda_855a1ef4dbee54ab7f2f1e055b9bdfad>@@U_TypeSelectorNoAsync@details@Concurrency@@@?$task@E@Concurrency@@QBEEV?$function@$$A6AEXZ@std@@@Z 00406420 f i TraceUI.obj
 0001:000054c0       ??$_Reset_impl@V<lambda_cab26a778e4185933e9c5b0cfaedfe5e>@@V?$allocator@H@std@@V?$_Func_impl@V<lambda_cab26a778e4185933e9c5b0cfaedfe5e>@@V?$allocator@H@std@@E$$V@3@U?$_Wrap_alloc@V?$allocator@V?$_Func_impl@V<lambda_cab26a778e4185933e9c5b0cfaedfe5e>@@V?$allocator@H@std@@E$$V@std@@@std@@@3@@?$_Func_class@E$$V@std@@IAEX$$QAV<lambda_cab26a778e4185933e9c5b0cfaedfe5e>@@ABV?$allocator@H@1@PAV?$_Func_impl@V<lambda_cab26a778e4185933e9c5b0cfaedfe5e>@@V?$allocator@H@std@@E$$V@1@AAU?$_Wrap_alloc@V?$allocator@V?$_Func_impl@V<lambda_cab26a778e4185933e9c5b0cfaedfe5e>@@V?$allocator@H@std@@E$$V@std@@@std@@@1@U?$integral_constant@_N$00@1@@Z 004064c0 f i TraceUI.obj
 0001:00005570       ??$_TaskInitWithFunctor@XV<lambda_042c6af70ca74ab46830ae50c8c14c9e>@@@?$task@E@Concurrency@@AAEXABV<lambda_042c6af70ca74ab46830ae50c8c14c9e>@@@Z 00406570 f i TraceUI.obj
 0001:000055f0       ??$_TaskInitWithFunctor@XV<lambda_0ebde0502725cf61f7686a2917d1749f>@@@?$task@E@Concurrency@@AAEXABV<lambda_0ebde0502725cf61f7686a2917d1749f>@@@Z 004065f0 f i TraceUI.obj
 0001:00005670       ??$_TaskInitWithFunctor@XV<lambda_483208dc91e150c0c9b495b53fd62158>@@@?$task@E@Concurrency@@AAEXABV<lambda_483208dc91e150c0c9b495b53fd62158>@@@Z 00406670 f i TraceUI.obj
 0001:000056f0       ??$_TaskInitWithFunctor@XV<lambda_855a1ef4dbee54ab7f2f1e055b9bdfad>@@@?$task@E@Concurrency@@AAEXABV<lambda_855a1ef4dbee54ab7f2f1e055b9bdfad>@@@Z 004066f0 f i TraceUI.obj
 0001:00005770       ??$_To_xtime@_JU?$ratio@$00$0DOI@@std@@@std@@YA?AUxtime@@ABV?$duration@_JU?$ratio@$00$0DOI@@std@@@chrono@0@@Z 00406770 f i TraceUI.obj
 0001:00005810       ??$_Uninitialized_move_al_unchecked1@PAV?$future@X@std@@PAV12@V?$allocator@V?$future@X@std@@@2@@std@@YAPAV?$future@X@0@PAV10@00AAU?$_Wrap_alloc@V?$allocator@V?$future@X@std@@@std@@@0@U_General_ptr_iterator_tag@0@U_Any_tag@0@@Z 00406810 f i TraceUI.obj
 0001:00005880       ??$_ValidateTaskConstructorArgs@XV<lambda_042c6af70ca74ab46830ae50c8c14c9e>@@@details@Concurrency@@YAXABV<lambda_042c6af70ca74ab46830ae50c8c14c9e>@@@Z 00406880 f i TraceUI.obj
 0001:00005890       ??$_ValidateTaskConstructorArgs@XV<lambda_0ebde0502725cf61f7686a2917d1749f>@@@details@Concurrency@@YAXABV<lambda_0ebde0502725cf61f7686a2917d1749f>@@@Z 00406890 f i TraceUI.obj
 0001:000058a0       ??$_ValidateTaskConstructorArgs@XV<lambda_483208dc91e150c0c9b495b53fd62158>@@@details@Concurrency@@YAXABV<lambda_483208dc91e150c0c9b495b53fd62158>@@@Z 004068a0 f i TraceUI.obj
 0001:000058b0       ??$_ValidateTaskConstructorArgs@XV<lambda_855a1ef4dbee54ab7f2f1e055b9bdfad>@@@details@Concurrency@@YAXABV<lambda_855a1ef4dbee54ab7f2f1e055b9bdfad>@@@Z 004068b0 f i TraceUI.obj
 0001:000058c0       ??$_Wait_for@_JU?$ratio@$00$0DOI@@std@@@?$_Associated_state@H@std@@QAE?AW4future_status@1@ABV?$duration@_JU?$ratio@$00$0DOI@@std@@@chrono@1@@Z 004068c0 f i TraceUI.obj
 0001:000059b0       ??$_Wait_until1@U_Test_ready@?$_Associated_state@H@std@@@condition_variable@std@@QAE_NAAV?$unique_lock@Vmutex@std@@@1@PBUxtime@@AAU_Test_ready@?$_Associated_state@H@1@@Z 004069b0 f i TraceUI.obj
 0001:00005a40       ??$async@A6AXPAVTraceUI@@HHH@ZAAPAV1@HAAHAAH@std@@YA?AV?$future@X@0@W4launch@0@A6AXPAVTraceUI@@HHH@ZAAPAV3@$$QAHAAH5@Z 00406a40 f i TraceUI.obj
 0001:00005b40       ??$async@A6AXPAVTraceUI@@HHH@ZAAPAV1@HHAAH@std@@YA?AV?$future@X@0@W4launch@0@A6AXPAVTraceUI@@HHH@ZAAPAV3@$$QAH4AAH@Z 00406b40 f i TraceUI.obj
 0001:00005c40       ??$atomic_compare_exchange@J@details@Concurrency@@YAJAAU?$atomic@J@std@@JJ@Z 00406c40 f i TraceUI.obj
 0001:00005c60       ??$atomic_exchange@J@details@Concurrency@@YAJAAU?$atomic@J@std@@J@Z 00406c60 f i TraceUI.obj
 0001:00005c70       ??$create_task@V<lambda_042c6af70ca74ab46830ae50c8c14c9e>@@@Concurrency@@YA?AV?$task@X@0@V<lambda_042c6af70ca74ab46830ae50c8c14c9e>@@Vtask_options@0@@Z 00406c70 f i TraceUI.obj
 0001:00005d20       ??$create_task@V<lambda_0ebde0502725cf61f7686a2917d1749f>@@@Concurrency@@YA?AV?$task@X@0@V<lambda_0ebde0502725cf61f7686a2917d1749f>@@Vtask_options@0@@Z 00406d20 f i TraceUI.obj
 0001:00005dd0       ??$create_task@V<lambda_483208dc91e150c0c9b495b53fd62158>@@@Concurrency@@YA?AV?$task@X@0@V<lambda_483208dc91e150c0c9b495b53fd62158>@@Vtask_options@0@@Z 00406dd0 f i TraceUI.obj
 0001:00005e80       ??$create_task@V<lambda_855a1ef4dbee54ab7f2f1e055b9bdfad>@@@Concurrency@@YA?AV?$task@X@0@V<lambda_855a1ef4dbee54ab7f2f1e055b9bdfad>@@Vtask_options@0@@Z 00406e80 f i TraceUI.obj
 0001:00005f30       ??$make_exception_ptr@U_Anon@?$_Associated_state@H@std@@@std@@YA?AVexception_ptr@0@U_Anon@?$_Associated_state@H@0@@Z 00406f30 f i TraceUI.obj
 0001:00005f80       ??$make_shared@U?$_Task_impl@E@details@Concurrency@@AAPAV_CancellationTokenState@23@AAUscheduler_ptr@3@@std@@YA?AV?$shared_ptr@U?$_Task_impl@E@details@Concurrency@@@0@AAPAV_CancellationTokenState@details@Concurrency@@AAUscheduler_ptr@4@@Z 00406f80 f i TraceUI.obj
 0001:00005fe0       ??$make_shared@U_ExceptionHolder@details@Concurrency@@ABVexception_ptr@std@@V_TaskCreationCallstack@23@@std@@YA?AV?$shared_ptr@U_ExceptionHolder@details@Concurrency@@@0@ABVexception_ptr@0@$$QAV_TaskCreationCallstack@details@Concurrency@@@Z 00406fe0 f i TraceUI.obj
 0001:00006060       ??$wait@V<lambda_cf8f1d893b3a87da856048d6f694e263>@@@condition_variable@std@@QAEXAAV?$unique_lock@Vmutex@std@@@1@V<lambda_cf8f1d893b3a87da856048d6f694e263>@@@Z 00407060 f i TraceUI.obj
 0001:000061a0       ??0?$_CancellationTokenCallback@V<lambda_3b8ab8d2629adf61a42ee3fe177a046b>@@@details@Concurrency@@QAE@ABV<lambda_3b8ab8d2629adf61a42ee3fe177a046b>@@@Z 004071a0 f i TraceUI.obj
 0001:00006240       ??0?$_Fake_no_copy_callable_adapter@A6AXPAVTraceUI@@HHH@ZAAPAV1@HAAHAAH@std@@QAE@ABV01@@Z 00407240 f i TraceUI.obj
 0001:00006270       ??0?$_Fake_no_copy_callable_adapter@A6AXPAVTraceUI@@HHH@ZAAPAV1@HHAAH@std@@QAE@ABV01@@Z 00407270 f i TraceUI.obj
 0001:000062a0       ??0?$_PPLTaskHandle@EU?$_InitialTaskHandle@XV<lambda_042c6af70ca74ab46830ae50c8c14c9e>@@U_TypeSelectorNoAsync@details@Concurrency@@@?$task@E@Concurrency@@U_TaskProcHandle@details@3@@details@Concurrency@@QAE@ABV?$shared_ptr@U?$_Task_impl@E@details@Concurrency@@@std@@@Z 004072a0 f i TraceUI.obj
 0001:00006310       ??0?$_PPLTaskHandle@EU?$_InitialTaskHandle@XV<lambda_0ebde0502725cf61f7686a2917d1749f>@@U_TypeSelectorNoAsync@details@Concurrency@@@?$task@E@Concurrency@@U_TaskProcHandle@details@3@@details@Concurrency@@QAE@ABV?$shared_ptr@U?$_Task_impl@E@details@Concurrency@@@std@@@Z 00407310 f i TraceUI.obj
 0001:00006380       ??0?$_PPLTaskHandle@EU?$_InitialTaskHandle@XV<lambda_483208dc91e150c0c9b495b53fd62158>@@U_TypeSelectorNoAsync@details@Concurrency@@@?$task@E@Concurrency@@U_TaskProcHandle@details@3@@details@Concurrency@@QAE@ABV?$shared_ptr@U?$_Task_impl@E@details@Concurrency@@@std@@@Z 00407380 f i TraceUI.obj
 0001:000063f0       ??0?$_PPLTaskHandle@EU?$_InitialTaskHandle@XV<lambda_855a1ef4dbee54ab7f2f1e055b9bdfad>@@U_TypeSelectorNoAsync@details@Concurrency@@@?$task@E@Concurrency@@U_TaskProcHandle@details@3@@details@Concurrency@@QAE@ABV?$shared_ptr@U?$_Task_impl@E@details@Concurrency@@@std@@@Z 004073f0 f i TraceUI.obj
 0001:00006460       ??0?$shared_ptr@Uscheduler_interface@Concurrency@@@std@@QAE@ABV01@@Z 00407460 f i TraceUI.obj
 0001:000064d0       ??0?$vector@PAXV?$allocator@PAX@std@@@std@@QAE@ABV01@@Z 004074d0 f i TraceUI.obj
 0001:00006560       ??0TraceUI@@QAE@XZ         00407560 f   TraceUI.obj
 0001:00007010       ??0_System_error@std@@IAE@Verror_code@1@ABV?$basic_string@DU?$char_traits@D@std@@V?$allocator@D@2@@1@@Z 00408010 f i TraceUI.obj
 0001:000070d0       ??0_System_error@std@@QAE@ABV01@@Z 004080d0 f i TraceUI.obj
 0001:00007120       ??0_TaskCollectionBaseImpl@details@Concurrency@@QAE@Uscheduler_ptr@2@@Z 00408120 f i TraceUI.obj
 0001:000071a0       ??0_Task_impl_base@details@Concurrency@@QAE@PAV_CancellationTokenState@12@Uscheduler_ptr@2@@Z 004081a0 f i TraceUI.obj
 0001:00007280       ??0bad_weak_ptr@std@@QAE@ABV01@@Z 00408280 f i TraceUI.obj
 0001:000072c0       ??0exception@std@@QAE@ABV01@@Z 004082c0 f i TraceUI.obj
 0001:000072f0       ??0invalid_operation@Concurrency@@QAE@ABV01@@Z 004082f0 f i TraceUI.obj
 0001:00007330       ??0runtime_error@std@@QAE@ABV01@@Z 00408330 f i TraceUI.obj
 0001:00007370       ??0scheduler_ptr@Concurrency@@QAE@ABU01@@Z 00408370 f i TraceUI.obj
 0001:000073e0       ??0system_error@std@@QAE@ABV01@@Z 004083e0 f i TraceUI.obj
 0001:00007430       ??0system_error@std@@QAE@Verror_code@1@@Z 00408430 f i TraceUI.obj
 0001:000074e0       ??0task_options@Concurrency@@QAE@XZ 004084e0 f i TraceUI.obj
 0001:000075d0       ??1?$_Associated_state@H@std@@UAE@XZ 004085d0 f i TraceUI.obj
 0001:00007650       ??1?$_Func_base@E$$V@std@@QAE@XZ 00408650 f i TraceUI.obj
 0001:00007660       ??1?$_Func_class@E$$V@std@@QAE@XZ 00408660 f i TraceUI.obj
 0001:00007690       ??1?$_Func_class@X$$V@std@@QAE@XZ 00408690 f i TraceUI.obj
 0001:000076c0       ??1?$_InitialTaskHandle@XV<lambda_042c6af70ca74ab46830ae50c8c14c9e>@@U_TypeSelectorNoAsync@details@Concurrency@@@?$task@E@Concurrency@@UAE@XZ 004086c0 f i TraceUI.obj
 0001:00007750       ??1?$_InitialTaskHandle@XV<lambda_0ebde0502725cf61f7686a2917d1749f>@@U_TypeSelectorNoAsync@details@Concurrency@@@?$task@E@Concurrency@@UAE@XZ 00408750 f i TraceUI.obj
 0001:000077e0       ??1?$_InitialTaskHandle@XV<lambda_483208dc91e150c0c9b495b53fd62158>@@U_TypeSelectorNoAsync@details@Concurrency@@@?$task@E@Concurrency@@UAE@XZ 004087e0 f i TraceUI.obj
 0001:00007870       ??1?$_InitialTaskHandle@XV<lambda_855a1ef4dbee54ab7f2f1e055b9bdfad>@@U_TypeSelectorNoAsync@details@Concurrency@@@?$task@E@Concurrency@@UAE@XZ 00408870 f i TraceUI.obj
 0001:00007900       ??1?$_PPLTaskHandle@EU?$_InitialTaskHandle@XV<lambda_042c6af70ca74ab46830ae50c8c14c9e>@@U_TypeSelectorNoAsync@details@Concurrency@@@?$task@E@Concurrency@@U_TaskProcHandle@details@3@@details@Concurrency@@UAE@XZ 00408900 f i TraceUI.obj
 0001:00007980       ??1?$_PPLTaskHandle@EU?$_InitialTaskHandle@XV<lambda_0ebde0502725cf61f7686a2917d1749f>@@U_TypeSelectorNoAsync@details@Concurrency@@@?$task@E@Concurrency@@U_TaskProcHandle@details@3@@details@Concurrency@@UAE@XZ 00408980 f i TraceUI.obj
 0001:00007a00       ??1?$_PPLTaskHandle@EU?$_InitialTaskHandle@XV<lambda_483208dc91e150c0c9b495b53fd62158>@@U_TypeSelectorNoAsync@details@Concurrency@@@?$task@E@Concurrency@@U_TaskProcHandle@details@3@@details@Concurrency@@UAE@XZ 00408a00 f i TraceUI.obj
 0001:00007a80       ??1?$_PPLTaskHandle@EU?$_InitialTaskHandle@XV<lambda_855a1ef4dbee54ab7f2f1e055b9bdfad>@@U_TypeSelectorNoAsync@details@Concurrency@@@?$task@E@Concurrency@@U_TaskProcHandle@details@3@@details@Concurrency@@UAE@XZ 00408a80 f i TraceUI.obj
 0001:00007b00       ??1?$_Packaged_state@$$A6AXXZ@std@@UAE@XZ 00408b00 f i TraceUI.obj
 0001:00007ba0       ??1?$_Promise@H@std@@QAE@XZ 00408ba0 f i TraceUI.obj
 0001:00007c10       ??1?$_Task_async_state@X$00@std@@UAE@XZ 00408c10 f i TraceUI.obj
 0001:00007ca0       ??1?$_Task_async_state@X$0A@@std@@UAE@XZ 00408ca0 f i TraceUI.obj
 0001:00007d20       ??1?$_Task_impl@E@details@Concurrency@@UAE@XZ 00408d20 f i TraceUI.obj
 0001:00007dc0       ??1?$function@$$A6AEXZ@std@@QAE@XZ 00408dc0 f i TraceUI.obj
 0001:00007df0       ??1?$function@$$A6AXXZ@std@@QAE@XZ 00408df0 f i TraceUI.obj
 0001:00007e20       ??1?$future@X@std@@QAE@XZ  00408e20 f i TraceUI.obj
 0001:00007e90       ??1?$lock_guard@Vmutex@std@@@std@@QAE@XZ 00408e90 f i TraceUI.obj
 0001:00007ee0       ??1?$shared_ptr@U_ExceptionHolder@details@Concurrency@@@std@@QAE@XZ 00408ee0 f i TraceUI.obj
 0001:00007f10       ??1?$shared_ptr@U_Task_impl_base@details@Concurrency@@@std@@QAE@XZ 00408f10 f i TraceUI.obj
 0001:00007f40       ??1?$shared_ptr@Uscheduler_interface@Concurrency@@@std@@QAE@XZ 00408f40 f i TraceUI.obj
 0001:00007f70       ??1?$task@E@Concurrency@@QAE@XZ 00408f70 f i TraceUI.obj
 0001:00007fa0       ??1?$task@X@Concurrency@@QAE@XZ 00408fa0 f i TraceUI.obj
 0001:00007fd0       ??1?$unique_lock@Vmutex@std@@@std@@QAE@XZ 00408fd0 f i TraceUI.obj
 0001:00008020       ??1?$unique_ptr@U_TaskProcHandle@details@Concurrency@@U?$default_delete@U_TaskProcHandle@details@Concurrency@@@std@@@std@@QAE@XZ 00409020 f i TraceUI.obj
 0001:00008030       ??1?$unique_ptr@V_PPLTaskChore@_DefaultPPLTaskScheduler@details@Concurrency@@U?$default_delete@V_PPLTaskChore@_DefaultPPLTaskScheduler@details@Concurrency@@@std@@@std@@QAE@XZ 00409030 f i TraceUI.obj
 0001:00008090       ??1?$vector@V?$future@X@std@@V?$allocator@V?$future@X@std@@@2@@std@@QAE@XZ 00409090 f i TraceUI.obj
 0001:00008110       ??1?$weak_ptr@U_Task_impl_base@details@Concurrency@@@std@@QAE@XZ 00409110 f i TraceUI.obj
 0001:00008130       ??1_CancellationTokenRegistration@details@Concurrency@@MAE@XZ 00409130 f i TraceUI.obj
 0001:00008160       ??1_ContextCallback@details@Concurrency@@QAE@XZ 00409160 f i TraceUI.obj
 0001:000081a0       ??1_ExceptionHolder@details@Concurrency@@QAE@XZ 004091a0 f i TraceUI.obj
 0001:00008230       ??1_Holder@_TaskProcThunk@details@Concurrency@@QAE@XZ 00409230 f i TraceUI.obj
 0001:00008260       ??1_RefCounter@details@Concurrency@@UAE@XZ 00409260 f i TraceUI.obj
 0001:00008270       ??1_Ref_count_base@std@@UAE@XZ 00409270 f i TraceUI.obj
 0001:00008280       ??1_TaskCreationCallstack@details@Concurrency@@QAE@XZ 00409280 f i TraceUI.obj
 0001:000082c0       ??1_TaskProcHandle@details@Concurrency@@UAE@XZ 004092c0 f i TraceUI.obj
 0001:000082d0       ??1_TaskWorkItemRAIILogger@details@Concurrency@@QAE@XZ 004092d0 f i TraceUI.obj
 0001:00008310       ??1_Task_impl_base@details@Concurrency@@UAE@XZ 00409310 f i TraceUI.obj
 0001:00008420       ??1bad_weak_ptr@std@@UAE@XZ 00409420 f i TraceUI.obj
 0001:00008440       ??1cancellation_token@Concurrency@@QAE@XZ 00409440 f i TraceUI.obj
 0001:000084a0       ??1error_category@std@@UAE@XZ 004094a0 f i TraceUI.obj
 0001:000084b0       ??1exception@std@@UAE@XZ   004094b0 f i TraceUI.obj
 0001:000084d0       ??1exception_ptr@std@@QAE@XZ 004094d0 f i TraceUI.obj
 0001:000084e0       ??1invalid_operation@Concurrency@@UAE@XZ 004094e0 f i TraceUI.obj
 0001:00008500       ??1runtime_error@std@@UAE@XZ 00409500 f i TraceUI.obj
 0001:00008520       ??1scheduler_ptr@Concurrency@@QAE@XZ 00409520 f i TraceUI.obj
 0001:00008550       ??1system_error@std@@UAE@XZ 00409550 f i TraceUI.obj
 0001:00008570       ??1task_options@Concurrency@@QAE@XZ 00409570 f i TraceUI.obj
 0001:00008640       ??3@YAXPAX0@Z              00409640 f i TraceUI.obj
 0001:00008650       ??4?$shared_ptr@U_ExceptionHolder@details@Concurrency@@@std@@QAEAAV01@ABV01@@Z 00409650 f i TraceUI.obj
 0001:000086b0       ??4?$task@E@Concurrency@@QAEAAV01@$$QAV01@@Z 004096b0 f i TraceUI.obj
 0001:00008720       ??4?$vector@PAXV?$allocator@PAX@std@@@std@@QAEAAV01@ABV01@@Z 00409720 f i TraceUI.obj
 0001:000089a0       ??_G?$_Associated_state@H@std@@UAEPAXI@Z 004099a0 f i TraceUI.obj
 0001:000089a0       ??_E?$_Associated_state@H@std@@UAEPAXI@Z 004099a0 f i TraceUI.obj
 0001:00008a30       ??_G?$_CancellationTokenCallback@V<lambda_3b8ab8d2629adf61a42ee3fe177a046b>@@@details@Concurrency@@UAEPAXI@Z 00409a30 f i TraceUI.obj
 0001:00008a30       ??_E?$_CancellationTokenCallback@V<lambda_3b8ab8d2629adf61a42ee3fe177a046b>@@@details@Concurrency@@UAEPAXI@Z 00409a30 f i TraceUI.obj
 0001:00008a90       ??_G?$_Deferred_async_state@X@std@@UAEPAXI@Z 00409a90 f i TraceUI.obj
 0001:00008a90       ??_E?$_Deferred_async_state@X@std@@UAEPAXI@Z 00409a90 f i TraceUI.obj
 0001:00008ac0       ??_G?$_InitialTaskHandle@XV<lambda_042c6af70ca74ab46830ae50c8c14c9e>@@U_TypeSelectorNoAsync@details@Concurrency@@@?$task@E@Concurrency@@UAEPAXI@Z 00409ac0 f i TraceUI.obj
 0001:00008ac0       ??_E?$_InitialTaskHandle@XV<lambda_042c6af70ca74ab46830ae50c8c14c9e>@@U_TypeSelectorNoAsync@details@Concurrency@@@?$task@E@Concurrency@@UAEPAXI@Z 00409ac0 f i TraceUI.obj
 0001:00008b60       ??_G?$_InitialTaskHandle@XV<lambda_0ebde0502725cf61f7686a2917d1749f>@@U_TypeSelectorNoAsync@details@Concurrency@@@?$task@E@Concurrency@@UAEPAXI@Z 00409b60 f i TraceUI.obj
 0001:00008b60       ??_E?$_InitialTaskHandle@XV<lambda_0ebde0502725cf61f7686a2917d1749f>@@U_TypeSelectorNoAsync@details@Concurrency@@@?$task@E@Concurrency@@UAEPAXI@Z 00409b60 f i TraceUI.obj
 0001:00008c00       ??_G?$_InitialTaskHandle@XV<lambda_483208dc91e150c0c9b495b53fd62158>@@U_TypeSelectorNoAsync@details@Concurrency@@@?$task@E@Concurrency@@UAEPAXI@Z 00409c00 f i TraceUI.obj
 0001:00008c00       ??_E?$_InitialTaskHandle@XV<lambda_483208dc91e150c0c9b495b53fd62158>@@U_TypeSelectorNoAsync@details@Concurrency@@@?$task@E@Concurrency@@UAEPAXI@Z 00409c00 f i TraceUI.obj
 0001:00008ca0       ??_E?$_InitialTaskHandle@XV<lambda_855a1ef4dbee54ab7f2f1e055b9bdfad>@@U_TypeSelectorNoAsync@details@Concurrency@@@?$task@E@Concurrency@@UAEPAXI@Z 00409ca0 f i TraceUI.obj
 0001:00008ca0       ??_G?$_InitialTaskHandle@XV<lambda_855a1ef4dbee54ab7f2f1e055b9bdfad>@@U_TypeSelectorNoAsync@details@Concurrency@@@?$task@E@Concurrency@@UAEPAXI@Z 00409ca0 f i TraceUI.obj
 0001:00008d40       ??_G?$_PPLTaskHandle@EU?$_InitialTaskHandle@XV<lambda_042c6af70ca74ab46830ae50c8c14c9e>@@U_TypeSelectorNoAsync@details@Concurrency@@@?$task@E@Concurrency@@U_TaskProcHandle@details@3@@details@Concurrency@@UAEPAXI@Z 00409d40 f i TraceUI.obj
 0001:00008d40       ??_E?$_PPLTaskHandle@EU?$_InitialTaskHandle@XV<lambda_042c6af70ca74ab46830ae50c8c14c9e>@@U_TypeSelectorNoAsync@details@Concurrency@@@?$task@E@Concurrency@@U_TaskProcHandle@details@3@@details@Concurrency@@UAEPAXI@Z 00409d40 f i TraceUI.obj
 0001:00008de0       ??_E?$_PPLTaskHandle@EU?$_InitialTaskHandle@XV<lambda_0ebde0502725cf61f7686a2917d1749f>@@U_TypeSelectorNoAsync@details@Concurrency@@@?$task@E@Concurrency@@U_TaskProcHandle@details@3@@details@Concurrency@@UAEPAXI@Z 00409de0 f i TraceUI.obj
 0001:00008de0       ??_G?$_PPLTaskHandle@EU?$_InitialTaskHandle@XV<lambda_0ebde0502725cf61f7686a2917d1749f>@@U_TypeSelectorNoAsync@details@Concurrency@@@?$task@E@Concurrency@@U_TaskProcHandle@details@3@@details@Concurrency@@UAEPAXI@Z 00409de0 f i TraceUI.obj
 0001:00008e80       ??_G?$_PPLTaskHandle@EU?$_InitialTaskHandle@XV<lambda_483208dc91e150c0c9b495b53fd62158>@@U_TypeSelectorNoAsync@details@Concurrency@@@?$task@E@Concurrency@@U_TaskProcHandle@details@3@@details@Concurrency@@UAEPAXI@Z 00409e80 f i TraceUI.obj
 0001:00008e80       ??_E?$_PPLTaskHandle@EU?$_InitialTaskHandle@XV<lambda_483208dc91e150c0c9b495b53fd62158>@@U_TypeSelectorNoAsync@details@Concurrency@@@?$task@E@Concurrency@@U_TaskProcHandle@details@3@@details@Concurrency@@UAEPAXI@Z 00409e80 f i TraceUI.obj
 0001:00008f20       ??_G?$_PPLTaskHandle@EU?$_InitialTaskHandle@XV<lambda_855a1ef4dbee54ab7f2f1e055b9bdfad>@@U_TypeSelectorNoAsync@details@Concurrency@@@?$task@E@Concurrency@@U_TaskProcHandle@details@3@@details@Concurrency@@UAEPAXI@Z 00409f20 f i TraceUI.obj
 0001:00008f20       ??_E?$_PPLTaskHandle@EU?$_InitialTaskHandle@XV<lambda_855a1ef4dbee54ab7f2f1e055b9bdfad>@@U_TypeSelectorNoAsync@details@Concurrency@@@?$task@E@Concurrency@@U_TaskProcHandle@details@3@@details@Concurrency@@UAEPAXI@Z 00409f20 f i TraceUI.obj
 0001:00008fc0       ??_G?$_Packaged_state@$$A6AXXZ@std@@UAEPAXI@Z 00409fc0 f i TraceUI.obj
 0001:00008fc0       ??_E?$_Packaged_state@$$A6AXXZ@std@@UAEPAXI@Z 00409fc0 f i TraceUI.obj
 0001:00008ff0       ??_E?$_Ref_count_obj@U?$_Task_impl@E@details@Concurrency@@@std@@UAEPAXI@Z 00409ff0 f i TraceUI.obj
 0001:00008ff0       ??_G?$_Ref_count_obj@U?$_Task_impl@E@details@Concurrency@@@std@@UAEPAXI@Z 00409ff0 f i TraceUI.obj
 0001:00009020       ??_E?$_Ref_count_obj@U_ExceptionHolder@details@Concurrency@@@std@@UAEPAXI@Z 0040a020 f i TraceUI.obj
 0001:00009020       ??_G?$_Ref_count_obj@U_ExceptionHolder@details@Concurrency@@@std@@UAEPAXI@Z 0040a020 f i TraceUI.obj
 0001:00009050       ??_G?$_Task_async_state@X$00@std@@UAEPAXI@Z 0040a050 f i TraceUI.obj
 0001:00009050       ??_E?$_Task_async_state@X$00@std@@UAEPAXI@Z 0040a050 f i TraceUI.obj
 0001:00009080       ??_E?$_Task_async_state@X$0A@@std@@UAEPAXI@Z 0040a080 f i TraceUI.obj
 0001:00009080       ??_G?$_Task_async_state@X$0A@@std@@UAEPAXI@Z 0040a080 f i TraceUI.obj
 0001:00009120       ??_E?$_Task_impl@E@details@Concurrency@@UAEPAXI@Z 0040a120 f i TraceUI.obj
 0001:00009120       ??_G?$_Task_impl@E@details@Concurrency@@UAEPAXI@Z 0040a120 f i TraceUI.obj
 0001:00009150       ??_G_CancellationTokenRegistration@details@Concurrency@@MAEPAXI@Z 0040a150 f i TraceUI.obj
 0001:00009150       ??_E_CancellationTokenRegistration@details@Concurrency@@MAEPAXI@Z 0040a150 f i TraceUI.obj
 0001:000091a0       ??_E_Future_error_category@std@@UAEPAXI@Z 0040a1a0 f i TraceUI.obj
 0001:000091a0       ??_G_Future_error_category@std@@UAEPAXI@Z 0040a1a0 f i TraceUI.obj
 0001:000091d0       ??_E_Generic_error_category@std@@UAEPAXI@Z 0040a1d0 f i TraceUI.obj
 0001:000091d0       ??_G_Generic_error_category@std@@UAEPAXI@Z 0040a1d0 f i TraceUI.obj
 0001:00009200       ??_E_RefCounter@details@Concurrency@@UAEPAXI@Z 0040a200 f i TraceUI.obj
 0001:00009200       ??_G_RefCounter@details@Concurrency@@UAEPAXI@Z 0040a200 f i TraceUI.obj
 0001:00009230       ??_G_Ref_count_base@std@@UAEPAXI@Z 0040a230 f i TraceUI.obj
 0001:00009230       ??_E_Ref_count_base@std@@UAEPAXI@Z 0040a230 f i TraceUI.obj
 0001:00009260       ??_E_System_error@std@@UAEPAXI@Z 0040a260 f i TraceUI.obj
 0001:00009260       ??_G_System_error@std@@UAEPAXI@Z 0040a260 f i TraceUI.obj
 0001:000092a0       ??_E_TaskProcHandle@details@Concurrency@@UAEPAXI@Z 0040a2a0 f i TraceUI.obj
 0001:000092a0       ??_G_TaskProcHandle@details@Concurrency@@UAEPAXI@Z 0040a2a0 f i TraceUI.obj
 0001:000092d0       ??_E_Task_impl_base@details@Concurrency@@UAEPAXI@Z 0040a2d0 f i TraceUI.obj
 0001:000092d0       ??_G_Task_impl_base@details@Concurrency@@UAEPAXI@Z 0040a2d0 f i TraceUI.obj
 0001:00009300       ??_Ebad_weak_ptr@std@@UAEPAXI@Z 0040a300 f i TraceUI.obj
 0001:00009300       ??_Gbad_weak_ptr@std@@UAEPAXI@Z 0040a300 f i TraceUI.obj
 0001:00009340       ??_Eerror_category@std@@UAEPAXI@Z 0040a340 f i TraceUI.obj
 0001:00009340       ??_Gerror_category@std@@UAEPAXI@Z 0040a340 f i TraceUI.obj
 0001:00009370       ??_Gexception@std@@UAEPAXI@Z 0040a370 f i TraceUI.obj
 0001:00009370       ??_Eexception@std@@UAEPAXI@Z 0040a370 f i TraceUI.obj
 0001:000093b0       ??_Ginvalid_operation@Concurrency@@UAEPAXI@Z 0040a3b0 f i TraceUI.obj
 0001:000093b0       ??_Einvalid_operation@Concurrency@@UAEPAXI@Z 0040a3b0 f i TraceUI.obj
 0001:000093f0       ??_Eruntime_error@std@@UAEPAXI@Z 0040a3f0 f i TraceUI.obj
 0001:000093f0       ??_Gruntime_error@std@@UAEPAXI@Z 0040a3f0 f i TraceUI.obj
 0001:00009430       ??_Gsystem_error@std@@UAEPAXI@Z 0040a430 f i TraceUI.obj
 0001:00009430       ??_Esystem_error@std@@UAEPAXI@Z 0040a430 f i TraceUI.obj
 0001:00009470       ?RenderWorker@TraceUI@@CAXPAV1@HHH@Z 0040a470 f   TraceUI.obj
 0001:000094c0       ?WaitUntilStateChangedTo@_TaskCollectionBaseImpl@details@Concurrency@@IAEXW4_TaskCollectionState@123@@Z 0040a4c0 f i TraceUI.obj
 0001:00009570       ?_Assign_rv@?$basic_string@DU?$char_traits@D@std@@V?$allocator@D@2@@std@@QAEX$$QAV12@@Z 0040a570 f i TraceUI.obj
 0001:000095e0       ?_Bridge@_TaskProcThunk@details@Concurrency@@SAXPAX@Z 0040a5e0 f i TraceUI.obj
 0001:00009660       ?_Buy@?$vector@PAXV?$allocator@PAX@std@@@std@@IAE_NI@Z 0040a660 f i TraceUI.obj
 0001:000096c0       ?_CallInContext@_ContextCallback@details@Concurrency@@QBEXV?$function@$$A6AXXZ@std@@@Z 0040a6c0 f i TraceUI.obj
 0001:00009750       ?_Call_immediate@?$_Packaged_state@$$A6AXXZ@std@@QAEXXZ 0040a750 f i TraceUI.obj
 0001:000097e0       ?_Callback@_PPLTaskChore@_DefaultPPLTaskScheduler@details@Concurrency@@CAXPAX@Z 0040a7e0 f i TraceUI.obj
 0001:00009850       ?_CancelAndRunContinuations@?$_Task_impl@E@details@Concurrency@@UAE_N_N00ABV?$shared_ptr@U_ExceptionHolder@details@Concurrency@@@std@@@Z 0040a850 f i TraceUI.obj
 0001:000099f0       ?_CancelWithException@_Task_impl_base@details@Concurrency@@QAE_NABVexception_ptr@std@@@Z 0040a9f0 f i TraceUI.obj
 0001:00009ab0       ?_CaptureCurrent@_ContextCallback@details@Concurrency@@SA?AV123@XZ 0040aab0 f i TraceUI.obj
 0001:00009b10       ?_CaptureSingleFrameCallstack@_TaskCreationCallstack@details@Concurrency@@SA?AV123@PAX@Z 0040ab10 f i TraceUI.obj
 0001:00009b40       ?_Copy@?$_Func_impl@V<lambda_042c6af70ca74ab46830ae50c8c14c9e>@@V?$allocator@H@std@@X$$V@std@@EBEPAV?$_Func_base@X$$V@2@PAX@Z 0040ab40 f i TraceUI.obj
 0001:00009b60       ?_Copy@?$_Func_impl@V<lambda_0456396a71e3abd88ede77bdd2823d8e>@@V?$allocator@H@std@@X$$V@std@@EBEPAV?$_Func_base@X$$V@2@PAX@Z 0040ab60 f i TraceUI.obj
 0001:00009b80       ?_Copy@?$_Func_impl@V<lambda_0ebde0502725cf61f7686a2917d1749f>@@V?$allocator@H@std@@X$$V@std@@EBEPAV?$_Func_base@X$$V@2@PAX@Z 0040ab80 f i TraceUI.obj
 0001:00009ba0       ?_Copy@?$_Func_impl@V<lambda_483208dc91e150c0c9b495b53fd62158>@@V?$allocator@H@std@@X$$V@std@@EBEPAV?$_Func_base@X$$V@2@PAX@Z 0040aba0 f i TraceUI.obj
 0001:00009bc0       ?_Copy@?$_Func_impl@V<lambda_5e5ab22ea98f4361dbf159481d01f54d>@@V?$allocator@H@std@@X$$V@std@@EBEPAV?$_Func_base@X$$V@2@PAX@Z 0040abc0 f i TraceUI.obj
 0001:00009bf0       ?_Copy@?$_Func_impl@V<lambda_7c33b2c4310ad8c6be497d7a2a561bb8>@@V?$allocator@H@std@@X$$V@std@@EBEPAV?$_Func_base@X$$V@2@PAX@Z 0040abf0 f i TraceUI.obj
 0001:00009c10       ?_Copy@?$_Func_impl@V<lambda_855a1ef4dbee54ab7f2f1e055b9bdfad>@@V?$allocator@H@std@@X$$V@std@@EBEPAV?$_Func_base@X$$V@2@PAX@Z 0040ac10 f i TraceUI.obj
 0001:00009c30       ?_Copy@?$_Func_impl@V<lambda_cab26a778e4185933e9c5b0cfaedfe5e>@@V?$allocator@H@std@@E$$V@std@@EBEPAV?$_Func_base@E$$V@2@PAX@Z 0040ac30 f i TraceUI.obj
 0001:00009c50       ?_Copy@?$_Func_impl@V?$_Fake_no_copy_callable_adapter@A6AXPAVTraceUI@@HHH@ZAAPAV1@HAAHAAH@std@@V?$allocator@H@2@X$$V@std@@EBEPAV?$_Func_base@X$$V@2@PAX@Z 0040ac50 f i TraceUI.obj
 0001:00009c80       ?_Copy@?$_Func_impl@V?$_Fake_no_copy_callable_adapter@A6AXPAVTraceUI@@HHH@ZAAPAV1@HHAAH@std@@V?$allocator@H@2@X$$V@std@@EBEPAV?$_Func_base@X$$V@2@PAX@Z 0040ac80 f i TraceUI.obj
 0001:00009cb0       ?_Copy_exception@exception_ptr@std@@SA?AV12@PAXPBX@Z 0040acb0 f i TraceUI.obj
 0001:00009d70       ?_CreateImpl@?$task@E@Concurrency@@QAEXPAV_CancellationTokenState@details@2@Uscheduler_ptr@2@@Z 0040ad70 f i TraceUI.obj
 0001:00009ec0       ?_Current_exception@exception_ptr@std@@SA?AV12@XZ 0040aec0 f i TraceUI.obj
 0001:00009ee0       ?_Delete_this@?$_Func_impl@V<lambda_042c6af70ca74ab46830ae50c8c14c9e>@@V?$allocator@H@std@@X$$V@std@@EAEX_N@Z 0040aee0 f i TraceUI.obj
 0001:00009f00       ?_Delete_this@?$_Func_impl@V<lambda_0456396a71e3abd88ede77bdd2823d8e>@@V?$allocator@H@std@@X$$V@std@@EAEX_N@Z 0040af00 f i TraceUI.obj
 0001:00009f20       ?_Delete_this@?$_Func_impl@V<lambda_0ebde0502725cf61f7686a2917d1749f>@@V?$allocator@H@std@@X$$V@std@@EAEX_N@Z 0040af20 f i TraceUI.obj
 0001:00009f40       ?_Delete_this@?$_Func_impl@V<lambda_483208dc91e150c0c9b495b53fd62158>@@V?$allocator@H@std@@X$$V@std@@EAEX_N@Z 0040af40 f i TraceUI.obj
 0001:00009f60       ?_Delete_this@?$_Func_impl@V<lambda_5e5ab22ea98f4361dbf159481d01f54d>@@V?$allocator@H@std@@X$$V@std@@EAEX_N@Z 0040af60 f i TraceUI.obj
 0001:00009fc0       ?_Delete_this@?$_Func_impl@V<lambda_7c33b2c4310ad8c6be497d7a2a561bb8>@@V?$allocator@H@std@@X$$V@std@@EAEX_N@Z 0040afc0 f i TraceUI.obj
 0001:00009fe0       ?_Delete_this@?$_Func_impl@V<lambda_855a1ef4dbee54ab7f2f1e055b9bdfad>@@V?$allocator@H@std@@X$$V@std@@EAEX_N@Z 0040afe0 f i TraceUI.obj
 0001:0000a000       ?_Delete_this@?$_Func_impl@V<lambda_cab26a778e4185933e9c5b0cfaedfe5e>@@V?$allocator@H@std@@E$$V@std@@EAEX_N@Z 0040b000 f i TraceUI.obj
 0001:0000a050       ?_Delete_this@?$_Func_impl@V?$_Fake_no_copy_callable_adapter@A6AXPAVTraceUI@@HHH@ZAAPAV1@HAAHAAH@std@@V?$allocator@H@2@X$$V@std@@EAEX_N@Z 0040b050 f i TraceUI.obj
 0001:0000a070       ?_Delete_this@?$_Func_impl@V?$_Fake_no_copy_callable_adapter@A6AXPAVTraceUI@@HHH@ZAAPAV1@HHAAH@std@@V?$allocator@H@2@X$$V@std@@EAEX_N@Z 0040b070 f i TraceUI.obj
 0001:0000a090       ?_Delete_this@?$_Ref_count_obj@U?$_Task_impl@E@details@Concurrency@@@std@@EAEXXZ 0040b090 f i TraceUI.obj
 0001:0000a0a0       ?_Delete_this@?$_Ref_count_obj@U_ExceptionHolder@details@Concurrency@@@std@@EAEXXZ 0040b0a0 f i TraceUI.obj
 0001:0000a0b0       ?_DeregisterCallback@_CancellationTokenState@details@Concurrency@@QAEXPAV_CancellationTokenRegistration@23@@Z 0040b0b0 f i TraceUI.obj
 0001:0000a220       ?_Destroy@?$_Ref_count_obj@U?$_Task_impl@E@details@Concurrency@@@std@@EAEXXZ 0040b220 f i TraceUI.obj
 0001:0000a230       ?_Destroy@?$_Ref_count_obj@U_ExceptionHolder@details@Concurrency@@@std@@EAEXXZ 0040b230 f i TraceUI.obj
 0001:0000a240       ?_Destroy@_RefCounter@details@Concurrency@@MAEXXZ 0040b240 f i TraceUI.obj
 0001:0000a250       ?_Do_call@?$_Func_impl@V<lambda_042c6af70ca74ab46830ae50c8c14c9e>@@V?$allocator@H@std@@X$$V@std@@EAEXXZ 0040b250 f i TraceUI.obj
 0001:0000a260       ?_Do_call@?$_Func_impl@V<lambda_0456396a71e3abd88ede77bdd2823d8e>@@V?$allocator@H@std@@X$$V@std@@EAEXXZ 0040b260 f i TraceUI.obj
 0001:0000a270       ?_Do_call@?$_Func_impl@V<lambda_0ebde0502725cf61f7686a2917d1749f>@@V?$allocator@H@std@@X$$V@std@@EAEXXZ 0040b270 f i TraceUI.obj
 0001:0000a280       ?_Do_call@?$_Func_impl@V<lambda_483208dc91e150c0c9b495b53fd62158>@@V?$allocator@H@std@@X$$V@std@@EAEXXZ 0040b280 f i TraceUI.obj
 0001:0000a290       ?_Do_call@?$_Func_impl@V<lambda_5e5ab22ea98f4361dbf159481d01f54d>@@V?$allocator@H@std@@X$$V@std@@EAEXXZ 0040b290 f i TraceUI.obj
 0001:0000a2a0       ?_Do_call@?$_Func_impl@V<lambda_7c33b2c4310ad8c6be497d7a2a561bb8>@@V?$allocator@H@std@@X$$V@std@@EAEXXZ 0040b2a0 f i TraceUI.obj
 0001:0000a2b0       ?_Do_call@?$_Func_impl@V<lambda_855a1ef4dbee54ab7f2f1e055b9bdfad>@@V?$allocator@H@std@@X$$V@std@@EAEXXZ 0040b2b0 f i TraceUI.obj
 0001:0000a2c0       ?_Do_call@?$_Func_impl@V<lambda_cab26a778e4185933e9c5b0cfaedfe5e>@@V?$allocator@H@std@@E$$V@std@@EAEEXZ 0040b2c0 f i TraceUI.obj
 0001:0000a2e0       ?_Do_call@?$_Func_impl@V?$_Fake_no_copy_callable_adapter@A6AXPAVTraceUI@@HHH@ZAAPAV1@HAAHAAH@std@@V?$allocator@H@2@X$$V@std@@EAEXXZ 0040b2e0 f i TraceUI.obj
 0001:0000a300       ?_Do_call@?$_Func_impl@V?$_Fake_no_copy_callable_adapter@A6AXPAVTraceUI@@HHH@ZAAPAV1@HHAAH@std@@V?$allocator@H@2@X$$V@std@@EAEXXZ 0040b300 f i TraceUI.obj
 0001:0000a320       ?_Do_notify@?$_Associated_state@H@std@@EAEXPAV?$unique_lock@Vmutex@std@@@2@_N@Z 0040b320 f i TraceUI.obj
 0001:0000a3c0       ?_Exec@?$_CancellationTokenCallback@V<lambda_3b8ab8d2629adf61a42ee3fe177a046b>@@@details@Concurrency@@MAEXXZ 0040b3c0 f i TraceUI.obj
 0001:0000a450       ?_FinalizeAndRunContinuations@?$_Task_impl@E@details@Concurrency@@QAEXE@Z 0040b450 f i TraceUI.obj
 0001:0000a520       ?_Get@?$_Func_impl@V<lambda_042c6af70ca74ab46830ae50c8c14c9e>@@V?$allocator@H@std@@X$$V@std@@EBEPBXXZ 0040b520 f i TraceUI.obj
 0001:0000a530       ?_Get@?$_Func_impl@V<lambda_0456396a71e3abd88ede77bdd2823d8e>@@V?$allocator@H@std@@X$$V@std@@EBEPBXXZ 0040b530 f i TraceUI.obj
 0001:0000a540       ?_Get@?$_Func_impl@V<lambda_0ebde0502725cf61f7686a2917d1749f>@@V?$allocator@H@std@@X$$V@std@@EBEPBXXZ 0040b540 f i TraceUI.obj
 0001:0000a550       ?_Get@?$_Func_impl@V<lambda_483208dc91e150c0c9b495b53fd62158>@@V?$allocator@H@std@@X$$V@std@@EBEPBXXZ 0040b550 f i TraceUI.obj
 0001:0000a560       ?_Get@?$_Func_impl@V<lambda_5e5ab22ea98f4361dbf159481d01f54d>@@V?$allocator@H@std@@X$$V@std@@EBEPBXXZ 0040b560 f i TraceUI.obj
 0001:0000a570       ?_Get@?$_Func_impl@V<lambda_7c33b2c4310ad8c6be497d7a2a561bb8>@@V?$allocator@H@std@@X$$V@std@@EBEPBXXZ 0040b570 f i TraceUI.obj
 0001:0000a580       ?_Get@?$_Func_impl@V<lambda_855a1ef4dbee54ab7f2f1e055b9bdfad>@@V?$allocator@H@std@@X$$V@std@@EBEPBXXZ 0040b580 f i TraceUI.obj
 0001:0000a590       ?_Get@?$_Func_impl@V<lambda_cab26a778e4185933e9c5b0cfaedfe5e>@@V?$allocator@H@std@@E$$V@std@@EBEPBXXZ 0040b590 f i TraceUI.obj
 0001:0000a5a0       ?_Get@?$_Func_impl@V?$_Fake_no_copy_callable_adapter@A6AXPAVTraceUI@@HHH@ZAAPAV1@HAAHAAH@std@@V?$allocator@H@2@X$$V@std@@EBEPBXXZ 0040b5a0 f i TraceUI.obj
 0001:0000a5b0       ?_Get@?$_Func_impl@V?$_Fake_no_copy_callable_adapter@A6AXPAVTraceUI@@HHH@ZAAPAV1@HHAAH@std@@V?$allocator@H@2@X$$V@std@@EBEPBXXZ 0040b5b0 f i TraceUI.obj
 0001:0000a5c0       ?_GetStaticAmbientSchedulerRef@details@Concurrency@@YAAAV?$shared_ptr@Uscheduler_interface@Concurrency@@@std@@XZ 0040b5c0 f i TraceUI.obj
 0001:0000a630       ?_GetTaskCreationCallstack@_Task_impl_base@details@Concurrency@@QAE?AV_TaskCreationCallstack@23@XZ 0040b630 f i TraceUI.obj
 0001:0000a660       ?_Get_deleter@_Ref_count_base@std@@UBEPAXABVtype_info@@@Z 0040b660 f i TraceUI.obj
 0001:0000a670       ?_Get_value@?$_Associated_state@H@std@@UAEAAH_N@Z 0040b670 f i TraceUI.obj
 0001:0000a7b0       ?_Get_value@?$_Task_async_state@X$00@std@@UAEAAH_N@Z 0040b7b0 f i TraceUI.obj
 0001:0000a7e0       ?_Get_value@?$_Task_async_state@X$0A@@std@@UAEAAH_N@Z 0040b7e0 f i TraceUI.obj
 0001:0000a7f0       ?_Has_deferred_function@?$_Associated_state@H@std@@EBE_NXZ 0040b7f0 f i TraceUI.obj
 0001:0000a800       ?_Has_deferred_function@?$_Deferred_async_state@X@std@@EBE_NXZ 0040b800 f i TraceUI.obj
 0001:0000a810       ?_Invoke@_CancellationTokenRegistration@details@Concurrency@@AAEXXZ 0040b810 f i TraceUI.obj
 0001:0000a8f0       ?_Make@?$_Task_ptr@E@details@Concurrency@@SA?AV?$shared_ptr@U?$_Task_impl@E@details@Concurrency@@@std@@PAV_CancellationTokenState@23@Uscheduler_ptr@3@@Z 0040b8f0 f i TraceUI.obj
 0001:0000a980       ?_MakeVoidToUnitFunc@details@Concurrency@@YA?AV?$function@$$A6AEXZ@std@@ABV?$function@$$A6AXXZ@4@@Z 0040b980 f i TraceUI.obj
 0001:0000aa30       ?_Makestr@_System_error@std@@CA?AV?$basic_string@DU?$char_traits@D@std@@V?$allocator@D@2@@2@Verror_code@2@V32@@Z 0040ba30 f i TraceUI.obj
 0001:0000ab10       ?_Move@?$_Func_impl@V<lambda_042c6af70ca74ab46830ae50c8c14c9e>@@V?$allocator@H@std@@X$$V@std@@EAEPAV?$_Func_base@X$$V@2@PAX@Z 0040bb10 f i TraceUI.obj
 0001:0000ab30       ?_Move@?$_Func_impl@V<lambda_0456396a71e3abd88ede77bdd2823d8e>@@V?$allocator@H@std@@X$$V@std@@EAEPAV?$_Func_base@X$$V@2@PAX@Z 0040bb30 f i TraceUI.obj
 0001:0000ab50       ?_Move@?$_Func_impl@V<lambda_0ebde0502725cf61f7686a2917d1749f>@@V?$allocator@H@std@@X$$V@std@@EAEPAV?$_Func_base@X$$V@2@PAX@Z 0040bb50 f i TraceUI.obj
 0001:0000ab70       ?_Move@?$_Func_impl@V<lambda_483208dc91e150c0c9b495b53fd62158>@@V?$allocator@H@std@@X$$V@std@@EAEPAV?$_Func_base@X$$V@2@PAX@Z 0040bb70 f i TraceUI.obj
 0001:0000ab90       ?_Move@?$_Func_impl@V<lambda_5e5ab22ea98f4361dbf159481d01f54d>@@V?$allocator@H@std@@X$$V@std@@EAEPAV?$_Func_base@X$$V@2@PAX@Z 0040bb90 f i TraceUI.obj
 0001:0000abd0       ?_Move@?$_Func_impl@V<lambda_7c33b2c4310ad8c6be497d7a2a561bb8>@@V?$allocator@H@std@@X$$V@std@@EAEPAV?$_Func_base@X$$V@2@PAX@Z 0040bbd0 f i TraceUI.obj
 0001:0000abf0       ?_Move@?$_Func_impl@V<lambda_855a1ef4dbee54ab7f2f1e055b9bdfad>@@V?$allocator@H@std@@X$$V@std@@EAEPAV?$_Func_base@X$$V@2@PAX@Z 0040bbf0 f i TraceUI.obj
 0001:0000ac10       ?_Move@?$_Func_impl@V<lambda_cab26a778e4185933e9c5b0cfaedfe5e>@@V?$allocator@H@std@@E$$V@std@@EAEPAV?$_Func_base@E$$V@2@PAX@Z 0040bc10 f i TraceUI.obj
 0001:0000ac90       ?_Move@?$_Func_impl@V?$_Fake_no_copy_callable_adapter@A6AXPAVTraceUI@@HHH@ZAAPAV1@HAAHAAH@std@@V?$allocator@H@2@X$$V@std@@EAEPAV?$_Func_base@X$$V@2@PAX@Z 0040bc90 f i TraceUI.obj
 0001:0000acd0       ?_Move@?$_Func_impl@V?$_Fake_no_copy_callable_adapter@A6AXPAVTraceUI@@HHH@ZAAPAV1@HHAAH@std@@V?$allocator@H@2@X$$V@std@@EAEPAV?$_Func_base@X$$V@2@PAX@Z 0040bcd0 f i TraceUI.obj
 0001:0000ad10       ?_NoCallOnDefaultTask_ErrorImpl@_DefaultTaskHelper@details@Concurrency@@SAXXZ 0040bd10 f i TraceUI.obj
 0001:0000ad60       ?_Perform@?$_Init_func_transformer@X@Concurrency@@SA?AV?$function@$$A6AEXZ@std@@V?$function@$$A6AXXZ@4@@Z 0040bd60 f i TraceUI.obj
 0001:0000add0       ?_Reallocate@?$vector@V?$future@X@std@@V?$allocator@V?$future@X@std@@@2@@std@@IAEXI@Z 0040bdd0 f i TraceUI.obj
 0001:0000aea0       ?_RegisterCallback@_CancellationTokenState@details@Concurrency@@QAEXPAV_CancellationTokenRegistration@23@@Z 0040bea0 f i TraceUI.obj
 0001:0000afa0       ?_RegisterCancellation@_Task_impl_base@details@Concurrency@@QAEXV?$weak_ptr@U_Task_impl_base@details@Concurrency@@@std@@@Z 0040bfa0 f i TraceUI.obj
 0001:0000b060       ?_Reserve@?$vector@V?$future@X@std@@V?$allocator@V?$future@X@std@@@2@@std@@IAEXI@Z 0040c060 f i TraceUI.obj
 0001:0000b0d0       ?_Reset0@?$_Ptr_base@U_Task_impl_base@details@Concurrency@@@std@@QAEXPAU_Task_impl_base@details@Concurrency@@PAV_Ref_count_base@2@@Z 0040c0d0 f i TraceUI.obj
 0001:0000b130       ?_RethrowUserException@_ExceptionHolder@details@Concurrency@@QAEXXZ 0040c130 f i TraceUI.obj
 0001:0000b160       ?_RunChoreBridge@_TaskProcHandle@details@Concurrency@@SAXPAX@Z 0040c160 f i TraceUI.obj
 0001:0000b1b0       ?_RunTask@_TaskCollectionBaseImpl@details@Concurrency@@SAXP6AXPAX@Z0W4_TaskInliningMode@23@@Z 0040c1b0 f i TraceUI.obj
 0001:0000b270       ?_RunTaskContinuations@_Task_impl_base@details@Concurrency@@QAEXXZ 0040c270 f i TraceUI.obj
 0001:0000b450       ?_Run_deferred_function@?$_Associated_state@H@std@@EAEXAAV?$unique_lock@Vmutex@std@@@2@@Z 0040c450 f i TraceUI.obj
 0001:0000b460       ?_Run_deferred_function@?$_Deferred_async_state@X@std@@EAEXAAV?$unique_lock@Vmutex@std@@@2@@Z 0040c460 f i TraceUI.obj
 0001:0000b4d0       ?_Schedule@_PPLTaskChore@_DefaultPPLTaskScheduler@details@Concurrency@@QAEXXZ 0040c4d0 f i TraceUI.obj
 0001:0000b610       ?_ScheduleTask@_TaskCollectionBaseImpl@details@Concurrency@@QAEXPAU_TaskProcHandle@23@W4_TaskInliningMode@23@@Z 0040c610 f i TraceUI.obj
 0001:0000b6b0       ?_ScheduleTask@_Task_impl_base@details@Concurrency@@QAEXPAU_TaskProcHandle@23@W4_TaskInliningMode@23@@Z 0040c6b0 f i TraceUI.obj
 0001:0000b780       ?_SetCollectionState@_TaskCollectionBaseImpl@details@Concurrency@@IAEXW4_TaskCollectionState@123@@Z 0040c780 f i TraceUI.obj
 0001:0000b820       ?_Set_exception@?$_Associated_state@H@std@@QAEXVexception_ptr@2@_N@Z 0040c820 f i TraceUI.obj
 0001:0000b8f0       ?_Set_exception_raw@?$_Associated_state@H@std@@QAEXVexception_ptr@2@PAV?$unique_lock@Vmutex@std@@@2@_N@Z 0040c8f0 f i TraceUI.obj
 0001:0000b9c0       ?_Set_value@?$_Associated_state@H@std@@QAEX$$QAH_N@Z 0040c9c0 f i TraceUI.obj
 0001:0000ba90       ?_Target_type@?$_Func_impl@V<lambda_042c6af70ca74ab46830ae50c8c14c9e>@@V?$allocator@H@std@@X$$V@std@@EBEABVtype_info@@XZ 0040ca90 f i TraceUI.obj
 0001:0000baa0       ?_Target_type@?$_Func_impl@V<lambda_0456396a71e3abd88ede77bdd2823d8e>@@V?$allocator@H@std@@X$$V@std@@EBEABVtype_info@@XZ 0040caa0 f i TraceUI.obj
 0001:0000bab0       ?_Target_type@?$_Func_impl@V<lambda_0ebde0502725cf61f7686a2917d1749f>@@V?$allocator@H@std@@X$$V@std@@EBEABVtype_info@@XZ 0040cab0 f i TraceUI.obj
 0001:0000bac0       ?_Target_type@?$_Func_impl@V<lambda_483208dc91e150c0c9b495b53fd62158>@@V?$allocator@H@std@@X$$V@std@@EBEABVtype_info@@XZ 0040cac0 f i TraceUI.obj
 0001:0000bad0       ?_Target_type@?$_Func_impl@V<lambda_5e5ab22ea98f4361dbf159481d01f54d>@@V?$allocator@H@std@@X$$V@std@@EBEABVtype_info@@XZ 0040cad0 f i TraceUI.obj
 0001:0000bae0       ?_Target_type@?$_Func_impl@V<lambda_7c33b2c4310ad8c6be497d7a2a561bb8>@@V?$allocator@H@std@@X$$V@std@@EBEABVtype_info@@XZ 0040cae0 f i TraceUI.obj
 0001:0000baf0       ?_Target_type@?$_Func_impl@V<lambda_855a1ef4dbee54ab7f2f1e055b9bdfad>@@V?$allocator@H@std@@X$$V@std@@EBEABVtype_info@@XZ 0040caf0 f i TraceUI.obj
 0001:0000bb00       ?_Target_type@?$_Func_impl@V<lambda_cab26a778e4185933e9c5b0cfaedfe5e>@@V?$allocator@H@std@@E$$V@std@@EBEABVtype_info@@XZ 0040cb00 f i TraceUI.obj
 0001:0000bb10       ?_Target_type@?$_Func_impl@V?$_Fake_no_copy_callable_adapter@A6AXPAVTraceUI@@HHH@ZAAPAV1@HAAHAAH@std@@V?$allocator@H@2@X$$V@std@@EBEABVtype_info@@XZ 0040cb10 f i TraceUI.obj
 0001:0000bb20       ?_Target_type@?$_Func_impl@V?$_Fake_no_copy_callable_adapter@A6AXPAVTraceUI@@HHH@ZAAPAV1@HHAAH@std@@V?$allocator@H@2@X$$V@std@@EBEABVtype_info@@XZ 0040cb20 f i TraceUI.obj
 0001:0000bb30       ?_Wait@?$_Associated_state@H@std@@UAEXXZ 0040cb30 f i TraceUI.obj
 0001:0000bc10       ?_Wait@?$_Task_async_state@X$00@std@@UAEXXZ 0040cc10 f i TraceUI.obj
 0001:0000bc30       ?_Wait@?$_Task_async_state@X$0A@@std@@UAEXXZ 0040cc30 f i TraceUI.obj
 0001:0000bc40       ?_Wait@_Task_impl_base@details@Concurrency@@QAE?AW4task_group_status@3@XZ 0040cc40 f i TraceUI.obj
 0001:0000bd70       ?allocate@?$allocator@PAX@std@@QAEPAPAXI@Z 0040cd70 f i TraceUI.obj
 0001:0000bde0       ?allocate@?$allocator@V?$future@X@std@@@std@@QAEPAV?$future@X@2@I@Z 0040cde0 f i TraceUI.obj
 0001:0000be50       ?append@?$basic_string@DU?$char_traits@D@std@@V?$allocator@D@2@@std@@QAEAAV12@ABV12@II@Z 0040ce50 f i TraceUI.obj
 0001:0000bf40       ?append@?$basic_string@DU?$char_traits@D@std@@V?$allocator@D@2@@std@@QAEAAV12@PBDI@Z 0040cf40 f i TraceUI.obj
 0001:0000c060       ?cb_depthSlides@TraceUI@@CAXPAVFl_Widget@@PAX@Z 0040d060 f   TraceUI.obj
 0001:0000c080       ?cb_distanceConstantSlides@TraceUI@@CAXPAVFl_Widget@@PAX@Z 0040d080 f   TraceUI.obj
 0001:0000c0a0       ?cb_distanceLinearSlides@TraceUI@@CAXPAVFl_Widget@@PAX@Z 0040d0a0 f   TraceUI.obj
 0001:0000c0c0       ?cb_distanceQuadraticSlides@TraceUI@@CAXPAVFl_Widget@@PAX@Z 0040d0c0 f   TraceUI.obj
 0001:0000c0e0       ?cb_distanceSwitch@TraceUI@@CAXPAVFl_Widget@@PAX@Z 0040d0e0 f   TraceUI.obj
 0001:0000c100       ?cb_exit2@TraceUI@@CAXPAVFl_Widget@@PAX@Z 0040d100 f   TraceUI.obj
 0001:0000c130       ?cb_fresnelSlides@TraceUI@@CAXPAVFl_Widget@@PAX@Z 0040d130 f   TraceUI.obj
 0001:0000c150       ?cb_fresnelSwitch@TraceUI@@CAXPAVFl_Widget@@PAX@Z 0040d150 f   TraceUI.obj
 0001:0000c160       ?cb_glossyReflectionSlides@TraceUI@@CAXPAVFl_Widget@@PAX@Z 0040d160 f   TraceUI.obj
 0001:0000c180       ?cb_intensityThresholdSlides@TraceUI@@CAXPAVFl_Widget@@PAX@Z 0040d180 f   TraceUI.obj
 0001:0000c1a0       ?cb_reflectionSwitch@TraceUI@@CAXPAVFl_Widget@@PAX@Z 0040d1a0 f   TraceUI.obj
 0001:0000c1b0       ?cb_refractionSwitch@TraceUI@@CAXPAVFl_Widget@@PAX@Z 0040d1b0 f   TraceUI.obj
 0001:0000c1c0       ?cb_render@TraceUI@@CAXPAVFl_Widget@@PAX@Z 0040d1c0 f   TraceUI.obj
 0001:0000c570       ?cb_shadowSwitch@TraceUI@@CAXPAVFl_Widget@@PAX@Z 0040d570 f   TraceUI.obj
 0001:0000c580       ?cb_sizeSlides@TraceUI@@CAXPAVFl_Widget@@PAX@Z 0040d580 f   TraceUI.obj
 0001:0000c5d0       ?cb_softShadowSwitch@TraceUI@@CAXPAVFl_Widget@@PAX@Z 0040d5d0 f   TraceUI.obj
 0001:0000c5e0       ?cb_stop@TraceUI@@CAXPAVFl_Widget@@PAX@Z 0040d5e0 f   TraceUI.obj
 0001:0000c5f0       ?cb_superSamplingSlides@TraceUI@@CAXPAVFl_Widget@@PAX@Z 0040d5f0 f   TraceUI.obj
 0001:0000c610       ?cb_threadSlides@TraceUI@@CAXPAVFl_Widget@@PAX@Z 0040d610 f   TraceUI.obj
 0001:0000c630       ?current_exception@std@@YA?AVexception_ptr@1@XZ 0040d630 f i TraceUI.obj
 0001:0000c650       ?default_error_condition@error_category@std@@UBE?AVerror_condition@2@H@Z 0040d650 f i TraceUI.obj
 0001:0000c670       ?equivalent@error_category@std@@UBE_NABVerror_code@2@H@Z 0040d670 f i TraceUI.obj
 0001:0000c6a0       ?equivalent@error_category@std@@UBE_NHABVerror_condition@2@@Z 0040d6a0 f i TraceUI.obj
 0001:0000c6e0       ?get_cancellation_token@task_options@Concurrency@@QBE?AVcancellation_token@2@XZ 0040d6e0 f i TraceUI.obj
 0001:0000c710       ?get_scheduler@task_options@Concurrency@@QBE?AUscheduler_ptr@2@XZ 0040d710 f i TraceUI.obj
 0001:0000c730       ?invoke@?$_PPLTaskHandle@EU?$_InitialTaskHandle@XV<lambda_042c6af70ca74ab46830ae50c8c14c9e>@@U_TypeSelectorNoAsync@details@Concurrency@@@?$task@E@Concurrency@@U_TaskProcHandle@details@3@@details@Concurrency@@UBEXXZ 0040d730 f i TraceUI.obj
 0001:0000c8d0       ?invoke@?$_PPLTaskHandle@EU?$_InitialTaskHandle@XV<lambda_0ebde0502725cf61f7686a2917d1749f>@@U_TypeSelectorNoAsync@details@Concurrency@@@?$task@E@Concurrency@@U_TaskProcHandle@details@3@@details@Concurrency@@UBEXXZ 0040d8d0 f i TraceUI.obj
 0001:0000ca70       ?invoke@?$_PPLTaskHandle@EU?$_InitialTaskHandle@XV<lambda_483208dc91e150c0c9b495b53fd62158>@@U_TypeSelectorNoAsync@details@Concurrency@@@?$task@E@Concurrency@@U_TaskProcHandle@details@3@@details@Concurrency@@UBEXXZ 0040da70 f i TraceUI.obj
 0001:0000cc10       ?invoke@?$_PPLTaskHandle@EU?$_InitialTaskHandle@XV<lambda_855a1ef4dbee54ab7f2f1e055b9bdfad>@@U_TypeSelectorNoAsync@details@Concurrency@@@?$task@E@Concurrency@@U_TaskProcHandle@details@3@@details@Concurrency@@UBEXXZ 0040dc10 f i TraceUI.obj
 0001:0000cdb0       ?load_scene@TraceUI@@AAEXPBD@Z 0040ddb0 f   TraceUI.obj
 0001:0000ce30       ?lock@?$unique_lock@Vmutex@std@@@std@@QAEXXZ 0040de30 f i TraceUI.obj
 0001:0000ce90       ?lock@?$weak_ptr@U_Task_impl_base@details@Concurrency@@@std@@QBE?AV?$shared_ptr@U_Task_impl_base@details@Concurrency@@@2@XZ 0040de90 f i TraceUI.obj
 0001:0000cf20       ?message@_Future_error_category@std@@UBE?AV?$basic_string@DU?$char_traits@D@std@@V?$allocator@D@2@@2@H@Z 0040df20 f i TraceUI.obj
 0001:0000cfd0       ?message@_Generic_error_category@std@@UBE?AV?$basic_string@DU?$char_traits@D@std@@V?$allocator@D@2@@2@H@Z 0040dfd0 f i TraceUI.obj
 0001:0000d040       ?message@error_code@std@@QBE?AV?$basic_string@DU?$char_traits@D@std@@V?$allocator@D@2@@2@XZ 0040e040 f i TraceUI.obj
 0001:0000d070       ?name@_Future_error_category@std@@UBEPBDXZ 0040e070 f i TraceUI.obj
 0001:0000d080       ?name@_Generic_error_category@std@@UBEPBDXZ 0040e080 f i TraceUI.obj
 0001:0000d090       ?none@cancellation_token@Concurrency@@SA?AV12@XZ 0040e090 f i TraceUI.obj
 0001:0000d0b0       ?push_back@?$vector@V?$future@X@std@@V?$allocator@V?$future@X@std@@@2@@std@@QAEX$$QAV?$future@X@2@@Z 0040e0b0 f i TraceUI.obj
 0001:0000d170       ?remove@TokenRegistrationContainer@_CancellationTokenState@details@Concurrency@@QAEXPAV_CancellationTokenRegistration@34@@Z 0040e170 f i TraceUI.obj
 0001:0000d1c0       ?rethrow_exception@std@@YAXVexception_ptr@1@@Z 0040e1c0 f i TraceUI.obj
 0001:0000d200       ?schedule@_DefaultPPLTaskScheduler@details@Concurrency@@UAEXP6AXPAX@Z0@Z 0040e200 f i TraceUI.obj
 0001:0000d250       ?setRayTracer@TraceUI@@QAEXPAVRayTracer@@@Z 0040e250 f   TraceUI.obj
 0001:0000d270       ?show@TraceUI@@QAEXXZ      0040e270 f   TraceUI.obj
 0001:0000d280       ?use_default@task_continuation_context@Concurrency@@SA?AV12@XZ 0040e280 f i TraceUI.obj
 0001:0000d2a0       ?what@bad_weak_ptr@std@@UBEPBDXZ 0040e2a0 f i TraceUI.obj
 0001:0000d2b0       ?what@exception@std@@UBEPBDXZ 0040e2b0 f i TraceUI.obj
 0001:0000d2c0       ?whoami@TraceUI@@CAPAV1@PAVFl_Menu_@@@Z 0040e2c0 f   TraceUI.obj
 0001:0000d2d0       _sprintf                   0040e2d0 f i TraceUI.obj
 0001:0000d310       ?readBMP@@YAPAEPADAAH1@Z   0040e310 f   bitmap.obj
 0001:0000d480       ?writeBMP@@YAXPADHHPAE@Z   0040e480 f   bitmap.obj
 0001:0000d610       ??$?0U?$_Wrap_alloc@V?$allocator@U?$_Tree_node@U?$pair@$$CBV?$basic_string@DU?$char_traits@D@std@@V?$allocator@D@2@@std@@PAVObj@@@std@@PAX@std@@@std@@@std@@@?$_Tree@V?$_Tmap_traits@V?$basic_string@DU?$char_traits@D@std@@V?$allocator@D@2@@std@@PAVObj@@U?$less@V?$basic_string@DU?$char_traits@D@std@@V?$allocator@D@2@@std@@@2@V?$allocator@U?$pair@$$CBV?$basic_string@DU?$char_traits@D@std@@V?$allocator@D@2@@std@@PAVObj@@@std@@@2@$0A@@std@@@std@@QAE@ABV01@$$QAU?$_Wrap_alloc@V?$allocator@U?$_Tree_node@U?$pair@$$CBV?$basic_string@DU?$char_traits@D@std@@V?$allocator@D@2@@std@@PAVObj@@@std@@PAX@std@@@std@@@1@@Z 0040e610 f i parse.obj
 0001:0000d6a0       ??$?6DU?$char_traits@D@std@@V?$allocator@D@1@@std@@YAAAV?$basic_ostream@DU?$char_traits@D@std@@@0@AAV10@ABV?$basic_string@DU?$char_traits@D@std@@V?$allocator@D@2@@0@@Z 0040e6a0 f i parse.obj
 0001:0000d8a0       ??$?6U?$char_traits@D@std@@@std@@YAAAV?$basic_ostream@DU?$char_traits@D@std@@@0@AAV10@D@Z 0040e8a0 f i parse.obj
 0001:0000dab0       ??$?6U?$char_traits@D@std@@@std@@YAAAV?$basic_ostream@DU?$char_traits@D@std@@@0@AAV10@PBD@Z 0040eab0 f i parse.obj
 0001:0000dcf0       ??$?8DU?$char_traits@D@std@@V?$allocator@D@1@@std@@YA_NABV?$basic_string@DU?$char_traits@D@std@@V?$allocator@D@2@@0@PBD@Z 0040ecf0 f i parse.obj
 0001:0000dd60       ??$?HDU?$char_traits@D@std@@V?$allocator@D@1@@std@@YA?AV?$basic_string@DU?$char_traits@D@std@@V?$allocator@D@2@@0@$$QAV10@0@Z 0040ed60 f i parse.obj
 0001:0000ddd0       ??$?HDU?$char_traits@D@std@@V?$allocator@D@1@@std@@YA?AV?$basic_string@DU?$char_traits@D@std@@V?$allocator@D@2@@0@$$QAV10@ABV10@@Z 0040edd0 f i parse.obj
 0001:0000de10       ??$_Buynode@AAU?$pair@$$CBV?$basic_string@DU?$char_traits@D@std@@V?$allocator@D@2@@std@@PAVObj@@@std@@@?$_Tree_comp_alloc@V?$_Tmap_traits@V?$basic_string@DU?$char_traits@D@std@@V?$allocator@D@2@@std@@PAVObj@@U?$less@V?$basic_string@DU?$char_traits@D@std@@V?$allocator@D@2@@std@@@2@V?$allocator@U?$pair@$$CBV?$basic_string@DU?$char_traits@D@std@@V?$allocator@D@2@@std@@PAVObj@@@std@@@2@$0A@@std@@@std@@QAEPAU?$_Tree_node@U?$pair@$$CBV?$basic_string@DU?$char_traits@D@std@@V?$allocator@D@2@@std@@PAVObj@@@std@@PAX@1@AAU?$pair@$$CBV?$basic_string@DU?$char_traits@D@std@@V?$allocator@D@2@@std@@PAVObj@@@1@@Z 0040ee10 f i parse.obj
 0001:0000ded0       ??$_Buynode@ABUpiecewise_construct_t@std@@V?$tuple@ABV?$basic_string@DU?$char_traits@D@std@@V?$allocator@D@2@@std@@@2@V?$tuple@$$V@2@@?$_Tree_comp_alloc@V?$_Tmap_traits@V?$basic_string@DU?$char_traits@D@std@@V?$allocator@D@2@@std@@PAVObj@@U?$less@V?$basic_string@DU?$char_traits@D@std@@V?$allocator@D@2@@std@@@2@V?$allocator@U?$pair@$$CBV?$basic_string@DU?$char_traits@D@std@@V?$allocator@D@2@@std@@PAVObj@@@std@@@2@$0A@@std@@@std@@QAEPAU?$_Tree_node@U?$pair@$$CBV?$basic_string@DU?$char_traits@D@std@@V?$allocator@D@2@@std@@PAVObj@@@std@@PAX@1@ABUpiecewise_construct_t@1@$$QAV?$tuple@ABV?$basic_string@DU?$char_traits@D@std@@V?$allocator@D@2@@std@@@1@$$QAV?$tuple@$$V@1@@Z 0040eed0 f i parse.obj
 0001:0000df90       ??$_Copy@U_Copy_tag@?$_Tree@V?$_Tmap_traits@V?$basic_string@DU?$char_traits@D@std@@V?$allocator@D@2@@std@@PAVObj@@U?$less@V?$basic_string@DU?$char_traits@D@std@@V?$allocator@D@2@@std@@@2@V?$allocator@U?$pair@$$CBV?$basic_string@DU?$char_traits@D@std@@V?$allocator@D@2@@std@@PAVObj@@@std@@@2@$0A@@std@@@std@@@?$_Tree@V?$_Tmap_traits@V?$basic_string@DU?$char_traits@D@std@@V?$allocator@D@2@@std@@PAVObj@@U?$less@V?$basic_string@DU?$char_traits@D@std@@V?$allocator@D@2@@std@@@2@V?$allocator@U?$pair@$$CBV?$basic_string@DU?$char_traits@D@std@@V?$allocator@D@2@@std@@PAVObj@@@std@@@2@$0A@@std@@@std@@IAEXABV01@U_Copy_tag@01@@Z 0040ef90 f i parse.obj
 0001:0000e010       ??$_Copy_nodes@U_Copy_tag@?$_Tree@V?$_Tmap_traits@V?$basic_string@DU?$char_traits@D@std@@V?$allocator@D@2@@std@@PAVObj@@U?$less@V?$basic_string@DU?$char_traits@D@std@@V?$allocator@D@2@@std@@@2@V?$allocator@U?$pair@$$CBV?$basic_string@DU?$char_traits@D@std@@V?$allocator@D@2@@std@@PAVObj@@@std@@@2@$0A@@std@@@std@@@?$_Tree@V?$_Tmap_traits@V?$basic_string@DU?$char_traits@D@std@@V?$allocator@D@2@@std@@PAVObj@@U?$less@V?$basic_string@DU?$char_traits@D@std@@V?$allocator@D@2@@std@@@2@V?$allocator@U?$pair@$$CBV?$basic_string@DU?$char_traits@D@std@@V?$allocator@D@2@@std@@PAVObj@@@std@@@2@$0A@@std@@@std@@IAEPAU?$_Tree_node@U?$pair@$$CBV?$basic_string@DU?$char_traits@D@std@@V?$allocator@D@2@@std@@PAVObj@@@std@@PAX@1@PAU21@0U_Copy_tag@01@@Z 0040f010 f i parse.obj
 0001:0000e0d0       ??$_Insert_at@AAU?$pair@$$CBV?$basic_string@DU?$char_traits@D@std@@V?$allocator@D@2@@std@@PAVObj@@@std@@PAU?$_Tree_node@U?$pair@$$CBV?$basic_string@DU?$char_traits@D@std@@V?$allocator@D@2@@std@@PAVObj@@@std@@PAX@2@@?$_Tree@V?$_Tmap_traits@V?$basic_string@DU?$char_traits@D@std@@V?$allocator@D@2@@std@@PAVObj@@U?$less@V?$basic_string@DU?$char_traits@D@std@@V?$allocator@D@2@@std@@@2@V?$allocator@U?$pair@$$CBV?$basic_string@DU?$char_traits@D@std@@V?$allocator@D@2@@std@@PAVObj@@@std@@@2@$0A@@std@@@std@@IAE?AV?$_Tree_iterator@V?$_Tree_val@U?$_Tree_simple_types@U?$pair@$$CBV?$basic_string@DU?$char_traits@D@std@@V?$allocator@D@2@@std@@PAVObj@@@std@@@std@@@std@@@1@_NPAU?$_Tree_node@U?$pair@$$CBV?$basic_string@DU?$char_traits@D@std@@V?$allocator@D@2@@std@@PAVObj@@@std@@PAX@1@AAU?$pair@$$CBV?$basic_string@DU?$char_traits@D@std@@V?$allocator@D@2@@std@@PAVObj@@@1@1@Z 0040f0d0 f i parse.obj
 0001:0000e2a0       ??$_Insert_hint@AAU?$pair@$$CBV?$basic_string@DU?$char_traits@D@std@@V?$allocator@D@2@@std@@PAVObj@@@std@@PAU?$_Tree_node@U?$pair@$$CBV?$basic_string@DU?$char_traits@D@std@@V?$allocator@D@2@@std@@PAVObj@@@std@@PAX@2@@?$_Tree@V?$_Tmap_traits@V?$basic_string@DU?$char_traits@D@std@@V?$allocator@D@2@@std@@PAVObj@@U?$less@V?$basic_string@DU?$char_traits@D@std@@V?$allocator@D@2@@std@@@2@V?$allocator@U?$pair@$$CBV?$basic_string@DU?$char_traits@D@std@@V?$allocator@D@2@@std@@PAVObj@@@std@@@2@$0A@@std@@@std@@IAE?AV?$_Tree_iterator@V?$_Tree_val@U?$_Tree_simple_types@U?$pair@$$CBV?$basic_string@DU?$char_traits@D@std@@V?$allocator@D@2@@std@@PAVObj@@@std@@@std@@@std@@@1@V?$_Tree_const_iterator@V?$_Tree_val@U?$_Tree_simple_types@U?$pair@$$CBV?$basic_string@DU?$char_traits@D@std@@V?$allocator@D@2@@std@@PAVObj@@@std@@@std@@@std@@@1@AAU?$pair@$$CBV?$basic_string@DU?$char_traits@D@std@@V?$allocator@D@2@@std@@PAVObj@@@1@PAU?$_Tree_node@U?$pair@$$CBV?$basic_string@DU?$char_traits@D@std@@V?$allocator@D@2@@std@@PAVObj@@@std@@PAX@1@@Z 0040f2a0 f i parse.obj
 0001:0000e500       ??$_Insert_nohint@AAU?$pair@$$CBV?$basic_string@DU?$char_traits@D@std@@V?$allocator@D@2@@std@@PAVObj@@@std@@PAU?$_Tree_node@U?$pair@$$CBV?$basic_string@DU?$char_traits@D@std@@V?$allocator@D@2@@std@@PAVObj@@@std@@PAX@2@@?$_Tree@V?$_Tmap_traits@V?$basic_string@DU?$char_traits@D@std@@V?$allocator@D@2@@std@@PAVObj@@U?$less@V?$basic_string@DU?$char_traits@D@std@@V?$allocator@D@2@@std@@@2@V?$allocator@U?$pair@$$CBV?$basic_string@DU?$char_traits@D@std@@V?$allocator@D@2@@std@@PAVObj@@@std@@@2@$0A@@std@@@std@@IAE?AU?$pair@V?$_Tree_iterator@V?$_Tree_val@U?$_Tree_simple_types@U?$pair@$$CBV?$basic_string@DU?$char_traits@D@std@@V?$allocator@D@2@@std@@PAVObj@@@std@@@std@@@std@@@std@@_N@1@_NAAU?$pair@$$CBV?$basic_string@DU?$char_traits@D@std@@V?$allocator@D@2@@std@@PAVObj@@@1@PAU?$_Tree_node@U?$pair@$$CBV?$basic_string@DU?$char_traits@D@std@@V?$allocator@D@2@@std@@PAVObj@@@std@@PAX@1@@Z 0040f500 f i parse.obj
 0001:0000e770       ??$_Lbound@V?$basic_string@DU?$char_traits@D@std@@V?$allocator@D@2@@std@@@?$_Tree@V?$_Tmap_traits@V?$basic_string@DU?$char_traits@D@std@@V?$allocator@D@2@@std@@PAVObj@@U?$less@V?$basic_string@DU?$char_traits@D@std@@V?$allocator@D@2@@std@@@2@V?$allocator@U?$pair@$$CBV?$basic_string@DU?$char_traits@D@std@@V?$allocator@D@2@@std@@PAVObj@@@std@@@2@$0A@@std@@@std@@IBEPAU?$_Tree_node@U?$pair@$$CBV?$basic_string@DU?$char_traits@D@std@@V?$allocator@D@2@@std@@PAVObj@@@std@@PAX@1@ABV?$basic_string@DU?$char_traits@D@std@@V?$allocator@D@2@@1@@Z 0040f770 f i parse.obj
 0001:0000e850       ??$_Try_emplace@ABV?$basic_string@DU?$char_traits@D@std@@V?$allocator@D@2@@std@@$$V@?$map@V?$basic_string@DU?$char_traits@D@std@@V?$allocator@D@2@@std@@PAVObj@@U?$less@V?$basic_string@DU?$char_traits@D@std@@V?$allocator@D@2@@std@@@2@V?$allocator@U?$pair@$$CBV?$basic_string@DU?$char_traits@D@std@@V?$allocator@D@2@@std@@PAVObj@@@std@@@2@@std@@QAE?AU?$pair@V?$_Tree_iterator@V?$_Tree_val@U?$_Tree_simple_types@U?$pair@$$CBV?$basic_string@DU?$char_traits@D@std@@V?$allocator@D@2@@std@@PAVObj@@@std@@@std@@@std@@@std@@_N@1@ABV?$basic_string@DU?$char_traits@D@std@@V?$allocator@D@2@@1@@Z 0040f850 f i parse.obj
 0001:0000e900       ??0?$basic_string@DU?$char_traits@D@std@@V?$allocator@D@2@@std@@QAE@PBD@Z 0040f900 f i parse.obj
 0001:0000e960       ??0?$vector@PAVObj@@V?$allocator@PAVObj@@@std@@@std@@QAE@ABV01@@Z 0040f960 f i parse.obj
 0001:0000e9f0       ??0Exception@@QAE@ABV0@@Z  0040f9f0 f i parse.obj
 0001:0000ea20       ??0IdObj@@QAE@ABV?$basic_string@DU?$char_traits@D@std@@V?$allocator@D@2@@std@@@Z 0040fa20 f i parse.obj
 0001:0000ea90       ??0NamedObj@@QAE@ABV?$basic_string@DU?$char_traits@D@std@@V?$allocator@D@2@@std@@PAVObj@@@Z 0040fa90 f i parse.obj
 0001:0000eb00       ??0ObjTypeMismatch@@QAE@ABV0@@Z 0040fb00 f i parse.obj
 0001:0000eb30       ??0ObjTypeMismatch@@QAE@V?$basic_string@DU?$char_traits@D@std@@V?$allocator@D@2@@std@@0@Z 0040fb30 f i parse.obj
 0001:0000ede0       ??0ParseError@@QAE@ABV0@@Z 0040fde0 f i parse.obj
 0001:0000ee10       ??1?$_Tree_comp_alloc@V?$_Tmap_traits@V?$basic_string@DU?$char_traits@D@std@@V?$allocator@D@2@@std@@PAVObj@@U?$less@V?$basic_string@DU?$char_traits@D@std@@V?$allocator@D@2@@std@@@2@V?$allocator@U?$pair@$$CBV?$basic_string@DU?$char_traits@D@std@@V?$allocator@D@2@@std@@PAVObj@@@std@@@2@$0A@@std@@@std@@QAE@XZ 0040fe10 f i parse.obj
 0001:0000ee20       ??1?$map@V?$basic_string@DU?$char_traits@D@std@@V?$allocator@D@2@@std@@PAVObj@@U?$less@V?$basic_string@DU?$char_traits@D@std@@V?$allocator@D@2@@std@@@2@V?$allocator@U?$pair@$$CBV?$basic_string@DU?$char_traits@D@std@@V?$allocator@D@2@@std@@PAVObj@@@std@@@2@@std@@QAE@XZ 0040fe20 f i parse.obj
[...]
 0003:00004014       ?s_wsock_select@@3P6GHHPAUfd_set@@00PBUtimeval@@@ZA 0049d014     fltk:Fl.obj
 0003:00004018       ?fl_wsk_fd_is_set@@3P6GHIPAUfd_set@@@ZA 0049d018     fltk:Fl.obj
 0003:00004044       ?s_imm_module@@3PAUHINSTANCE__@@A 0049d044     fltk:Fl.obj
 0003:00004048       ?flImmAssociateContextEx@@3P6GHPAUHWND__@@PAUHIMC__@@K@ZA 0049d048     fltk:Fl.obj
 0003:0000404d       ?dnd_flag@@3DA             0049d04d     fltk:Fl.obj
 0003:00004050       ?flImmGetContext@@3P6GPAUHIMC__@@PAUHWND__@@@ZA 0049d050     fltk:Fl.obj
 0003:00004058       ?flImmSetCompositionWindow@@3P6GHPAUHIMC__@@PAUtagCOMPOSITIONFORM@@@ZA 0049d058     fltk:Fl.obj
 0003:0000405c       ?flImmReleaseContext@@3P6GHPAUHWND__@@PAUHIMC__@@@ZA 0049d05c     fltk:Fl.obj
 0003:00004060       ?sys_handlers@@3PAUsystem_handler_link@@A 0049d060     fltk:Fl.obj
 0003:00004064       ?track_mouse_win@@3PAVFl_Window@@A 0049d064     fltk:Fl.obj
 0003:00004068       ?maxfd@@3HA                0049d068     fltk:Fl.obj
 0003:0000406c       ?nfds@@3HA                 0049d06c     fltk:Fl.obj
 0003:00004070       ?fd_array_size@@3HA        0049d070     fltk:Fl.obj
 0003:0000409c       ?fd@@3PAUFD@@A             0049d09c     fltk:Fl.obj
 0003:000040fc       ?default_big_icon@@3PAUHICON__@@A 0049d0fc     fltk:Fl.obj
 0003:00004100       ?default_small_icon@@3PAUHICON__@@A 0049d100     fltk:Fl.obj
 0003:00004104       ?win_DC_list@@3PAUWin_DC_List@@A 0049d104     fltk:Fl.obj
 0003:00004110       ?num_dwidgets@@3HA         0049d110     fltk:Fl.obj
 0003:00004114       ?alloc_dwidgets@@3HA       0049d114     fltk:Fl.obj
 0003:00004118       ?dwidgets@@3PAPAVFl_Widget@@A 0049d118     fltk:Fl.obj
 0003:0000411c       ?widget_watch@@3PAPAPAVFl_Widget@@A 0049d11c     fltk:Fl.obj
 0003:00004120       ?num_widget_watch@@3HA     0049d120     fltk:Fl.obj
 0003:00004124       ?max_widget_watch@@3HA     0049d124     fltk:Fl.obj
 0003:00004130       ?win32_at_exit@@3VFl_Win32_At_Exit@@A 0049d130     fltk:Fl.obj
 0003:00004134       ?fl_gdi_display@@3VFl_Display_Device@@A 0049d134     fltk:Fl.obj
 0003:00004140       ?fl_gdi_driver@@3VFl_GDI_Graphics_Driver@@A 0049d140     fltk:Fl.obj
 0003:00004828       ?first_check@@3PAUCheck@@A 0049d828     fltk:Fl.obj
 0003:0000482c       ?next_check@@3PAUCheck@@A  0049d82c     fltk:Fl.obj
 0003:00004830       ?free_check@@3PAUCheck@@A  0049d830     fltk:Fl.obj
 0003:00004834       ?thread_message_@@3PAXA    0049d834     fltk:Fl.obj
 0003:00004838       ?fdsets@@3PAUfd_set@@A     0049d838     fltk:Fl.obj
 0003:00004b44       ?win32_timers@@3PAUWin32Timer@@A 0049db44     fltk:Fl.obj
 0003:00004b48       ?win32_timer_alloc@@3HA    0049db48     fltk:Fl.obj
 0003:00004b4c       ?win32_timer_used@@3HA     0049db4c     fltk:Fl.obj
 0003:00004b50       ?s_TimerWnd@@3PAUHWND__@@A 0049db50     fltk:Fl.obj
 0003:00004b54       ?resize_bug_fix@@3PAVFl_Window@@A 0049db54     fltk:Fl.obj
 0003:00004b58       ?in_idle@?1??fl_wait@@YAHN@Z@4DA 0049db58     fltk:Fl.obj
 0003:00004b59       ?beenHereDoneThat@?1??fl_open_display@@YAXXZ@4DA 0049db59     fltk:Fl.obj
 0003:00004b5c       ?px@?1??mouse_event@@YAHPAVFl_Window@@HHIJ@Z@4HA 0049db5c     fltk:Fl.obj
 0003:00004b60       ?py@?1??mouse_event@@YAHPAVFl_Window@@HHIJ@Z@4HA 0049db60     fltk:Fl.obj
 0003:00004b64       ?pmx@?1??mouse_event@@YAHPAVFl_Window@@HHIJ@Z@4HA 0049db64     fltk:Fl.obj
 0003:00004b68       ?pmy@?1??mouse_event@@YAHPAVFl_Window@@HHIJ@Z@4HA 0049db68     fltk:Fl.obj
 0003:00004b70       ?vklut@?1??ms2fltk@@YAHIH@Z@4PAGA 0049db70     fltk:Fl.obj
 0003:00004d70       ?extendedlut@?1??ms2fltk@@YAHIH@Z@4PAGA 0049dd70     fltk:Fl.obj
 0003:00004f70       ?buffer@?DH@??WndProc@@YGJPAUHWND__@@IIJ@Z@4PADA 0049df70     fltk:Fl.obj
 0003:00005370       ?delta@?GG@??WndProc@@YGJPAUHWND__@@IIJ@Z@4HA 0049e370     fltk:Fl.obj
 0003:00005374       ?delta@?GJ@??WndProc@@YGJPAUHWND__@@IIJ@Z@4HA 0049e374     fltk:Fl.obj
 0003:00005378       ?class_name_list@?1??make@Fl_X@@SAPAV2@PAVFl_Window@@@Z@4VNameList@@A 0049e378     fltk:Fl.obj
 0003:00005384       ?$TSS0@?1??make@Fl_X@@SAPAV2@PAVFl_Window@@@Z@4HA 0049e384     fltk:Fl.obj
 0003:00005388       ?first_class_name@?1??make@Fl_X@@SAPAV2@PAVFl_Window@@@Z@4PBDB 0049e388     fltk:Fl.obj
 0003:0000538c       ?avoidRecursion@@3DA       0049e38c     fltk:fl_ask.obj
 0003:00005394       ?message_form@@3PAVFl_Window@@A 0049e394     fltk:fl_ask.obj
 0003:00005398       ?message@@3PAVFl_Box@@A    0049e398     fltk:fl_ask.obj
 0003:0000539c       ?icon@@3PAVFl_Box@@A       0049e39c     fltk:fl_ask.obj
 0003:000053a0       ?button@@3PAPAVFl_Button@@A 0049e3a0     fltk:fl_ask.obj
 0003:000053ac       ?input@@3PAVFl_Input@@A    0049e3ac     fltk:fl_ask.obj
 0003:000053b0       ?ret_val@@3HA              0049e3b0     fltk:fl_ask.obj
 0003:000053b4       ?message_title_default@@3PBDB 0049e3b4     fltk:fl_ask.obj
 0003:000053c8       ?fc@@3PAVFl_File_Chooser@@A 0049e3c8     fltk:fl_file_dir.obj
 0003:000053cc       ?current_callback@@3P6AXPBD@ZA 0049e3cc     fltk:fl_file_dir.obj
 0003:000053d0       ?current_label@@3PBDB      0049e3d0     fltk:fl_file_dir.obj
 0003:000053d8       ?retname@?1??fl_file_chooser@@YAPADPBD00H@Z@4PADA 0049e3d8     fltk:fl_file_dir.obj
 0003:00005bd8       ?retname@?1??fl_dir_chooser@@YAPADPBD0H@Z@4PADA 0049ebd8     fltk:fl_file_dir.obj
 0003:000063d8       ?fl_gmi@@3P6GHPAUHMONITOR__@@PAUtagMONITORINFO@@@ZA 0049f3d8     fltk:screen_xywh.obj
 0003:000063e0       ?screens@@3PAUtagRECT@@A   0049f3e0     fltk:screen_xywh.obj
 0003:000064e0       ?work_area@@3PAUtagRECT@@A 0049f4e0     fltk:screen_xywh.obj
 0003:000065e0       ?dpi@@3PAY01MA             0049f5e0     fltk:screen_xywh.obj
 0003:00006690       ?main_thread@@3KA          0049f690     fltk:Fl_lock.obj
 0003:00006698       ?measure@@3PAP6AXPBUFl_Label@@AAH1@ZA 0049f698     fltk:fl_labeltype.obj
 0003:000066d8       ?obj_queue@@3PAPAVFl_Widget@@A 0049f6d8     fltk:Fl_Widget.obj
 0003:00006728       ?obj_head@@3HA             0049f728     fltk:Fl_Widget.obj
 0003:0000672c       ?obj_tail@@3HA             0049f72c     fltk:Fl_Widget.obj
 0003:0000673c       ?window@@3PAVFl_TooltipBox@@A 0049f73c     fltk:Fl_Tooltip.obj
 0003:00006744       ?tip@@3PBDB                0049f744     fltk:Fl_Tooltip.obj
 0003:00006748       ?Y@@3HA                    0049f748     fltk:Fl_Tooltip.obj
 0003:0000674c       ?H@@3HA                    0049f74c     fltk:Fl_Tooltip.obj
 0003:00006750       ?recent_tooltip@@3DA       0049f750     fltk:Fl_Tooltip.obj
 0003:00006751       ?recursion@@3DA            0049f751     fltk:Fl_Tooltip.obj
 0003:00006752       ?beenhere@?1??set_enter_exit_once_@Fl_Tooltip@@CAXXZ@4DA 0049f752     fltk:Fl_Tooltip.obj
 0003:00007360       ?tmppen@@3PAXA             004a0360     fltk:fl_color.obj
 0003:00007364       ?savepen@@3PAUHPEN__@@A    004a0364     fltk:fl_color.obj
 0003:00007368       ?xmap@?1??color@Fl_GDI_Graphics_Driver@@UAEXEEE@Z@4UFl_XMap@@A 004a0368     fltk:fl_color.obj
 0003:00007378       ?brushes@?1??fl_brush_action@@YAPAUHBRUSH__@@H@Z@4PAUFl_Brush@?1??1@YAPAU2@H@Z@A 004a0378     fltk:fl_color.obj
 0003:00007438       ?beenhere@?1??fl_select_palette@@YAPAUHPALETTE__@@XZ@4DA 004a0438     fltk:fl_color.obj
 0003:0000743c       ?fl_alpha_blend@@3P6GHPAUHDC__@@HHHH0HHHHUFL_BLENDFUNCTION@@@ZA 004a043c     fltk:Fl_Double_Window.obj
 0003:00007440       ?been_here@?1??fl_can_do_alpha_blending@@YADXZ@4DA 004a0440     fltk:Fl_Double_Window.obj
 0003:00007441       ?can_do@?1??fl_can_do_alpha_blending@@YADXZ@4DA 004a0441     fltk:Fl_Double_Window.obj
 0003:000074f4       ?hMod@?1??newUUID@Fl_Preferences@@SAPBDXZ@4PAUHINSTANCE__@@A 004a04f4     fltk:Fl_Preferences.obj
 0003:00007504       ?fl_angle_@@3HA            004a0504     fltk:fl_font.obj
 0003:00007508       ?wstr@@3PAGA               004a0508     fltk:fl_font.obj
 0003:0000750c       ?wstr_len@@3HA             004a050c     fltk:fl_font.obj
 0003:00007510       ?fl_GetGlyphIndices@@3P6GKPAUHDC__@@PB_WHPAGK@ZA 004a0510     fltk:fl_font.obj
 0003:00007514       ?have_loaded_GetGlyphIndices@@3HA 004a0514     fltk:fl_font.obj
 0003:00007518       ?ext_buff@?1??text_extents@Fl_GDI_Graphics_Driver@@UAEXPBDHAAH111@Z@4PAGA 004a0518     fltk:fl_font.obj
 0003:0000751c       ?w_buff@?1??text_extents@Fl_GDI_Graphics_Driver@@UAEXPBDHAAH111@Z@4PAGA 004a051c     fltk:fl_font.obj
 0003:00007520       ?wc_len@?1??text_extents@Fl_GDI_Graphics_Driver@@UAEXPBDHAAH111@Z@4IA 004a0520     fltk:fl_font.obj
 0003:00007530       ?hMod@?1??draw@Fl_GDI_Printer_Graphics_Driver@@UAEXPAVFl_Pixmap@@HHHHHH@Z@4PAUHINSTANCE__@@A 004a0530     fltk:Fl_Pixmap.obj
 0003:00007534       ?fl_TransparentBlt@?1??draw@Fl_GDI_Printer_Graphics_Driver@@UAEXPAVFl_Pixmap@@HHHHHH@Z@4P6GHPAUHDC__@@HHHH1HHHHI@ZA 004a0534     fltk:Fl_Pixmap.obj
 0003:00007538       ?fl_TransparentBlt@?1??draw@Fl_GDI_Printer_Graphics_Driver@@UAEXPAVFl_Bitmap@@HHHHHH@Z@4P6GHPAUHDC__@@HHHH1HHHHI@ZA 004a0538     fltk:Fl_Bitmap.obj
 0003:0000753c       ?hMod@?1??draw@Fl_GDI_Printer_Graphics_Driver@@UAEXPAVFl_Bitmap@@HHHHHH@Z@4PAUHINSTANCE__@@A 004a053c     fltk:Fl_Bitmap.obj
 0003:00007540       ?ri@?1??dither@@YAXPAEPBEHH@Z@4HA 004a0540     fltk:fl_draw_image.obj
 0003:00007544       ?gi@?1??dither@@YAXPAEPBEHH@Z@4HA 004a0544     fltk:fl_draw_image.obj
 0003:00007548       ?bi@?1??dither@@YAXPAEPBEHH@Z@4HA 004a0548     fltk:fl_draw_image.obj
 0003:0000754c       ?dir@?1??dither@@YAXPAEPBEHH@Z@4HA 004a054c     fltk:fl_draw_image.obj
 0003:00007550       ?ri@?1??monodither@@YAXPAEPBEHH@Z@4HA 004a0550     fltk:fl_draw_image.obj
 0003:00007554       ?dir@?1??monodither@@YAXPAEPBEHH@Z@4HA 004a0554     fltk:fl_draw_image.obj
 0003:00007558       ?bmibuffer@?1??innards@@YAXPBEHHHHHHHP6AXPAXHHHPAE@Z1@Z@4PAIA 004a0558     fltk:fl_draw_image.obj
 0003:00007988       ?buffer@?1??innards@@YAXPBEHHHHHHHP6AXPAXHHHPAE@Z1@Z@4PAIA 004a0988     fltk:fl_draw_image.obj
 0003:0000798c       ?buffer_size@?1??innards@@YAXPBEHHHHHHHP6AXPAXHHHPAE@Z1@Z@4JA 004a098c     fltk:fl_draw_image.obj
 0003:00007990       ?line_buffer@?1??innards@@YAXPBEHHHHHHHP6AXPAXHHHPAE@Z1@Z@4PAIA 004a0990     fltk:fl_draw_image.obj
 0003:00007994       ?line_buf_size@?CH@??innards@@YAXPBEHHHHHHHP6AXPAXHHHPAE@Z1@Z@4HA 004a0994     fltk:fl_draw_image.obj
 0003:000079a0       ?fl_bg_set@@3DA            004a09a0     fltk:Fl_get_system_colors.obj
 0003:000079a1       ?fl_bg2_set@@3DA           004a09a1     fltk:Fl_get_system_colors.obj
 0003:000079a2       ?fl_fg_set@@3DA            004a09a2     fltk:Fl_get_system_colors.obj
 0003:000079b0       ?tile@@3VFl_Pixmap@@A      004a09b0     fltk:Fl_get_system_colors.obj
 0003:000079d8       ?e@?1??scheme@Fl@@SAHPBD@Z@4PADA 004a09d8     fltk:Fl_get_system_colors.obj
 0003:00007e10       ?mbwbuf@@3PA_WA            004a0e10     fltk:fl_utf8.obj
 0003:00007e18       ?buf@@3PADA                004a0e18     fltk:fl_utf8.obj
 0003:00007e1c       ?buf_len@@3HA              004a0e1c     fltk:fl_utf8.obj
 0003:00007e20       ?wbufa@@3PAGA              004a0e20     fltk:fl_utf8.obj
 0003:00007e24       ?wbuf@@3PA_WA              004a0e24     fltk:fl_utf8.obj
 0003:00007e28       ?wbuf1@@3PA_WA             004a0e28     fltk:fl_utf8.obj
 0003:00007e2c       ?table@?1??Toupper@@YAHH@Z@4PAGA 004a0e2c     fltk:fl_utf8.obj
 0003:00007e30       ?buf@?1??fl_utf2mbcs@@9@4PADA 004a0e30     fltk:fl_utf8.obj
 0003:00007e34       ?buf@?1??fl_getenv@@9@4PADA 004a0e34     fltk:fl_utf8.obj
 0003:00007e38       ?wbuf@?1??fl_getcwd@@9@4PA_WA 004a0e38     fltk:fl_utf8.obj
 0003:00007e3c       ?buf@?1??fl_shortcut_label@@YAPBDIPAPBD@Z@4PADA 004a0e3c     fltk:fl_shortcut.obj
 0003:00007e74       ?l_secret@@3HA             004a0e74     fltk:Fl_Input_.obj
 0003:00007e78       ?undobuffer@@3PADA         004a0e78     fltk:Fl_Input_.obj
 0003:00007e7c       ?undobufferlength@@3HA     004a0e7c     fltk:Fl_Input_.obj
 0003:00007e80       ?undowidget@@3PAVFl_Input_@@A 004a0e80     fltk:Fl_Input_.obj
 0003:00007e84       ?undoat@@3HA               004a0e84     fltk:Fl_Input_.obj
 0003:00007e88       ?undocut@@3HA              004a0e88     fltk:Fl_Input_.obj
 0003:00007e8c       ?undoinsert@@3HA           004a0e8c     fltk:Fl_Input_.obj
 0003:00007e90       ?yankcut@@3HA              004a0e90     fltk:Fl_Input_.obj
 0003:00007e94       ?legal_fp_chars@@3PBDB     004a0e94     fltk:Fl_Input.obj
 0003:00007e98       ?dnd_save_position@?1??handle@Fl_Input@@UAEHH@Z@4HA 004a0e98     fltk:Fl_Input.obj
 0003:00007e9c       ?dnd_save_mark@?1??handle@Fl_Input@@UAEHH@Z@4HA 004a0e9c     fltk:Fl_Input.obj
 0003:00007ea0       ?newpos@?1??handle@Fl_Input@@UAEHH@Z@4HA 004a0ea0     fltk:Fl_Input.obj
 0003:00007ea4       ?dnd_save_focus@?1??handle@Fl_Input@@UAEHH@Z@4PAVFl_Widget@@A 004a0ea4     fltk:Fl_Input.obj
 0003:00007eac       ?underline_at@@3PADA       004a0eac     fltk:fl_draw.obj
 0003:00007eb0       ?local_buf@?1??expand_text_@@YAPBDPBDAAPADHNAAHAANHH@Z@4PADA 004a0eb0     fltk:fl_draw.obj
 0003:00007eb4       ?$TSS0@?1??expand_text_@@YAPBDPBDAAPADHNAAHAANHH@Z@4HA 004a0eb4     fltk:fl_draw.obj
 0003:00007ebc       ?pressed_menu_button_@@3PAVFl_Menu_Button@@A 004a0ebc     fltk:Fl_Menu_Button.obj
 0003:00007ec0       ?p@@3PAUmenustate@@A       004a0ec0     fltk:Fl_Menu.obj
 0003:00007ec4       ?button@@3PBVFl_Menu_@@B   004a0ec4     fltk:Fl_Menu.obj
 0003:00007ec8       ?dummy@?1??popup@Fl_Menu_Item@@QBEPBU2@HHPBDPBU2@PBVFl_Menu_@@@Z@4U2@A 004a0ec8     fltk:Fl_Menu.obj
 0003:00007eec       ?local_array@@3PAUFl_Menu_Item@@A 004a0eec     fltk:Fl_Menu_add.obj
 0003:00007ef0       ?local_array_alloc@@3HA    004a0ef0     fltk:Fl_Menu_add.obj
 0003:00007ef4       ?local_array_size@@3HA     004a0ef4     fltk:Fl_Menu_add.obj
 0003:00007ef8       ?offcenter@?9??handle@Fl_Slider@@IAEHHHHHH@Z@4HA 004a0ef8     fltk:Fl_Slider.obj
 0003:00007efc       ?image_new@@3VFl_Bitmap@@A 004a0efc     fltk:Fl_File_Chooser.obj
 0003:00007f30       ?pathname@?1??value@Fl_File_Chooser@@QAEPBDH@Z@4PADA 004a0f30     fltk:Fl_File_Chooser2.obj
 0003:00008738       ?ncolors@@3HA              004a1738     fltk:fl_draw_pixmap.obj
 0003:0000873c       ?chars_per_pixel@@3HA      004a173c     fltk:fl_draw_pixmap.obj
 0003:00008740       ?color_count@@3HA          004a1740     fltk:fl_draw_pixmap.obj
 0003:00008744       ?used_colors@@3PAUUsedColor@@A 004a1744     fltk:fl_draw_pixmap.obj
 0003:00008748       ?table@?1??XUtf8Toupper@@9@9 004a1748     fltk:case.obj
 0003:00008750       ?symbols@@3PAUSYMBOL@@A    004a1750     fltk:fl_symbols.obj
 0003:00009134       ?beenhere@?1??fl_init_symbols@@YAXXZ@4DA 004a2134     fltk:fl_symbols.obj
 0003:00009138       ?cursor@?1??set_cursor@@YAXPAVFl_Tile@@W4Fl_Cursor@@@Z@4W43@A 004a2138     fltk:Fl_Tile.obj
 0003:0000913c       ?sdrag@?1??handle@Fl_Tile@@UAEHH@Z@4HA 004a213c     fltk:Fl_Tile.obj
 0003:00009140       ?sdx@?1??handle@Fl_Tile@@UAEHH@Z@4HA 004a2140     fltk:Fl_Tile.obj
 0003:00009144       ?sdy@?1??handle@Fl_Tile@@UAEHH@Z@4HA 004a2144     fltk:Fl_Tile.obj
 0003:00009148       ?sx@?1??handle@Fl_Tile@@UAEHH@Z@4HA 004a2148     fltk:Fl_Tile.obj
 0003:0000914c       ?sy@?1??handle@Fl_Tile@@UAEHH@Z@4HA 004a214c     fltk:Fl_Tile.obj
 0003:00009150       ?change@?1??handle@Fl_Browser_@@UAEHH@Z@4DA 004a2150     fltk:Fl_Browser_.obj
 0003:00009151       ?whichway@?1??handle@Fl_Browser_@@UAEHH@Z@4DA 004a2151     fltk:Fl_Browser_.obj
 0003:00009154       ?py@?1??handle@Fl_Browser_@@UAEHH@Z@4HA 004a2154     fltk:Fl_Browser_.obj
 0003:00009158       ?inButtonBar@?1??handle@Fl_File_Input@@UAEHH@Z@4DA 004a2158     fltk:Fl_File_Input.obj
 0003:00009178       ?SWAP_TYPE@@3DA            004a2178     fltkgl:Fl_Gl_Window.obj
 0003:00009180       ?ortho_context@?DG@??flush@Fl_Gl_Window@@UAEXXZ@4PAUHGLRC__@@A 004a2180     fltkgl:Fl_Gl_Window.obj
 0003:00009184       ?ortho_window@?DG@??flush@Fl_Gl_Window@@UAEXXZ@4PAV2@A 004a2184     fltkgl:Fl_Gl_Window.obj
 0003:00009188       ?context_list@@3PAPAUHGLRC__@@A 004a2188     fltkgl:Fl_Gl_Choice.obj
 0003:0000918c       ?nContext@@3HA             004a218c     fltkgl:Fl_Gl_Choice.obj
 0003:00009190       ?NContext@@3HA             004a2190     fltkgl:Fl_Gl_Choice.obj
 0003:00009194       ?first@@3PAVFl_Gl_Choice@@A 004a2194     fltkgl:Fl_Gl_Choice.obj
 0003:00009198       ?cached_context@@3PAUHGLRC__@@A 004a2198     fltkgl:Fl_Gl_Choice.obj
 0003:0000919c       ?cached_window@@3PAVFl_Window@@A 004a219c     fltkgl:Fl_Gl_Choice.obj
 0003:000091a4       ?Gl_Device_Plugin@@3VFl_Gl_Device_Plugin@@A 004a21a4     fltkgl:Fl_Gl_Device_Plugin.obj
 0003:000091ac       ?gl_fontsize@@3PAVFl_Font_Descriptor@@A 004a21ac     fltkgl:gl_draw.obj
 0003:000091b0       ?buf@?1??gl_draw@@YAXPBDH@Z@4PA_WA 004a21b0     fltkgl:gl_draw.obj
 0003:000091b4       ?l@?1??gl_draw@@YAXPBDH@Z@4HA 004a21b4     fltkgl:gl_draw.obj
 0003:000091c0       ?module_local_atexit_table@@3U_onexit_table_t@@A 004a21c0     MSVCRT:utility.obj
 0003:000091cc       ?module_local_at_quick_exit_table@@3U_onexit_table_t@@A 004a21cc     MSVCRT:utility.obj
 0003:000091d8       ?is_initialized_as_dll@@3_NA 004a21d8     MSVCRT:utility.obj
 0003:000091dc       ?_Tss_mutex@@3U_RTL_CRITICAL_SECTION@@A 004a21dc     MSVCRT:thread_safe_statics.obj
 0003:000091f4       ?_Tss_cv@@3U_RTL_CONDITION_VARIABLE@@A 004a21f4     MSVCRT:thread_safe_statics.obj
 0003:000091f8       ?_Tss_event@@3PAXA         004a21f8     MSVCRT:thread_safe_statics.obj
 0003:000091fc       ?encoded_sleep_condition_variable_cs@@3P6GHPAU_RTL_CONDITION_VARIABLE@@PAU_RTL_CRITICAL_SECTION@@K@ZA 004a21fc     MSVCRT:thread_safe_statics.obj
 0003:00009200       ?encoded_wake_all_condition_variable@@3P6GXPAU_RTL_CONDITION_VARIABLE@@@ZA 004a2200     MSVCRT:thread_safe_statics.obj
 0003:00009208       _GS_ExceptionRecord        004a2208     MSVCRT:gs_report.obj
 0003:00009258       _GS_ContextRecord          004a2258     MSVCRT:gs_report.obj
 0003:00009538       ?_Fac_head@std@@3PAU_Fac_node@1@A 004a2538     msvcprt:locale0_implib.obj
 0003:0000953c       ?_Fac_tidy_reg@std@@3U_Fac_tidy_reg_t@1@B 004a253c     msvcprt:locale0_implib.obj
 0003:00009540       ?mbwbuf@?1??mbcs2utf@@9@9  004a2540     fltk:fl_call_main.obj
 0004:00000000       __guard_fids__             004a3000     MSVCRT:std_type_info_static.obj
 0004:00000004       __guard_fids__             004a3004     MSVCRT:thread_safe_statics.obj
 0004:00000008       __guard_fids_?__scrt_initialize_thread_safe_statics@@YAHXZ 004a3008     MSVCRT:thread_safe_statics.obj
 0004:0000000c       __guard_fids__             004a300c     MSVCRT:exe_winmain.obj
 0004:00000010       __guard_fids__             004a3010     MSVCRT:exe_winmain.obj
 0004:00000014       __guard_fids__             004a3014     MSVCRT:exe_winmain.obj
 0004:00000018       __guard_fids_?pre_c_initialization@@YAHXZ 004a3018     MSVCRT:exe_winmain.obj
 0004:00000020       __guard_fids__             004a3020     MSVCRT:throw_bad_alloc.obj
 0004:00000028       __guard_fids__             004a3028     MSVCRT:throw_bad_alloc.obj
 0004:00000030       __guard_fids__             004a3030     MSVCRT:throw_bad_alloc.obj
 0004:00000034       __guard_fids__             004a3034     MSVCRT:throw_bad_alloc.obj
 0004:00000038       __guard_fids__             004a3038     MSVCRT:throw_bad_alloc.obj
 0004:0000003c       __guard_fids__             004a303c     MSVCRT:throw_bad_alloc.obj
 0004:00000040       __guard_fids____scrt_set_unhandled_exception_filter 004a3040     MSVCRT:utility_desktop.obj
 0004:00000044       __guard_fids___except_handler4 004a3044     MSVCRT:_chandler4gs_.obj
 0004:00000048       __guard_fids__             004a3048     MSVCRT:guard_support.obj
 0004:0000004c       __guard_fids___guard_icall_checks_enforced 004a304c     MSVCRT:guard_support.obj
 0004:00000050       __guard_fids_??__E_Fac_tidy_reg@std@@YAXXZ 004a3050     msvcprt:locale0_implib.obj
 0004:00000054       __guard_fids__             004a3054     msvcprt:locale0_implib.obj
 0006:00000060       $R000000                   004a5060     * linker generated manifest res *
